<!doctype html public "-//w3c//dtd html 4.0 transitional//en">
<html><head>
<title>Static Call Graph - [.\Objects\demo.axf]</title></head>
<body><HR>
<H1>Static Call Graph for image .\Objects\demo.axf</H1><HR>
<BR><P>#&#060CALLGRAPH&#062# ARM Linker, 5050106: Last Updated: Thu Mar 29 21:16:36 2018
<BR><P>
<H3>Maximum Stack Usage =       2768 bytes + Unknown(Cycles, Untraceable Function Pointers)</H3><H3>
Call chain for Maximum Stack Depth:</H3>
f_parser &rArr; luaY_parser &rArr; mainfunc &rArr; statlist &rArr; statement &rArr; forstat &rArr; fornum &rArr; exp1 &rArr; expr &rArr; subexpr &rArr;  subexpr (Cycle)
<P>
<H3>
Mutually Recursive functions
</H3> <LI><a href="#[2e]">ADC1_2_IRQHandler</a>&nbsp;&nbsp;&nbsp;&rArr;&nbsp;&nbsp;&nbsp;<a href="#[2e]">ADC1_2_IRQHandler</a><BR>
 <LI><a href="#[2c7]">sweepstep</a>&nbsp;&nbsp;&nbsp;&rArr;&nbsp;&nbsp;&nbsp;<a href="#[180]">sweeplist</a><BR>
 <LI><a href="#[fc]">reallymarkobject</a>&nbsp;&nbsp;&nbsp;&rArr;&nbsp;&nbsp;&nbsp;<a href="#[fc]">reallymarkobject</a><BR>
 <LI><a href="#[143]">luaF_close</a>&nbsp;&nbsp;&nbsp;&rArr;&nbsp;&nbsp;&nbsp;<a href="#[c6]">luaM_realloc_</a><BR>
 <LI><a href="#[24b]">luaE_shrinkCI</a>&nbsp;&nbsp;&nbsp;&rArr;&nbsp;&nbsp;&nbsp;<a href="#[c6]">luaM_realloc_</a><BR>
 <LI><a href="#[1c8]">luaE_freeCI</a>&nbsp;&nbsp;&nbsp;&rArr;&nbsp;&nbsp;&nbsp;<a href="#[c6]">luaM_realloc_</a><BR>
 <LI><a href="#[d0]">luaS_newlstr</a>&nbsp;&nbsp;&nbsp;&rArr;&nbsp;&nbsp;&nbsp;<a href="#[c5]">luaM_toobig</a><BR>
 <LI><a href="#[174]">luaC_newobj</a>&nbsp;&nbsp;&nbsp;&rArr;&nbsp;&nbsp;&nbsp;<a href="#[c6]">luaM_realloc_</a><BR>
 <LI><a href="#[12c]">luaS_resize</a>&nbsp;&nbsp;&nbsp;&rArr;&nbsp;&nbsp;&nbsp;<a href="#[c5]">luaM_toobig</a><BR>
 <LI><a href="#[287]">luaV_concat</a>&nbsp;&nbsp;&nbsp;&rArr;&nbsp;&nbsp;&nbsp;<a href="#[1a9]">luaG_runerror</a><BR>
 <LI><a href="#[257]">luaG_tointerror</a>&nbsp;&nbsp;&nbsp;&rArr;&nbsp;&nbsp;&nbsp;<a href="#[1a9]">luaG_runerror</a><BR>
 <LI><a href="#[af]">luaO_pushfstring</a>&nbsp;&nbsp;&nbsp;&rArr;&nbsp;&nbsp;&nbsp;<a href="#[256]">luaO_pushvfstring</a><BR>
 <LI><a href="#[1dd]">kname</a>&nbsp;&nbsp;&nbsp;&rArr;&nbsp;&nbsp;&nbsp;<a href="#[1cf]">getobjname</a><BR>
 <LI><a href="#[1cf]">getobjname</a>&nbsp;&nbsp;&nbsp;&rArr;&nbsp;&nbsp;&nbsp;<a href="#[1cf]">getobjname</a><BR>
 <LI><a href="#[251]">luaG_typeerror</a>&nbsp;&nbsp;&nbsp;&rArr;&nbsp;&nbsp;&nbsp;<a href="#[1a9]">luaG_runerror</a><BR>
 <LI><a href="#[291]">luaV_objlen</a>&nbsp;&nbsp;&nbsp;&rArr;&nbsp;&nbsp;&nbsp;<a href="#[28c]">luaT_callTM</a><BR>
 <LI><a href="#[254]">luaG_ordererror</a>&nbsp;&nbsp;&nbsp;&rArr;&nbsp;&nbsp;&nbsp;<a href="#[1a9]">luaG_runerror</a><BR>
 <LI><a href="#[28e]">luaT_callorderTM</a>&nbsp;&nbsp;&nbsp;&rArr;&nbsp;&nbsp;&nbsp;<a href="#[28d]">luaT_callbinTM</a><BR>
 <LI><a href="#[e5]">luaV_equalobj</a>&nbsp;&nbsp;&nbsp;&rArr;&nbsp;&nbsp;&nbsp;<a href="#[28c]">luaT_callTM</a><BR>
 <LI><a href="#[110]">luaV_finishset</a>&nbsp;&nbsp;&nbsp;&rArr;&nbsp;&nbsp;&nbsp;<a href="#[1a9]">luaG_runerror</a><BR>
 <LI><a href="#[e4]">luaH_set</a>&nbsp;&nbsp;&nbsp;&rArr;&nbsp;&nbsp;&nbsp;<a href="#[260]">luaH_newkey</a><BR>
 <LI><a href="#[260]">luaH_newkey</a>&nbsp;&nbsp;&nbsp;&rArr;&nbsp;&nbsp;&nbsp;<a href="#[1a9]">luaG_runerror</a><BR>
 <LI><a href="#[160]">luaH_setint</a>&nbsp;&nbsp;&nbsp;&rArr;&nbsp;&nbsp;&nbsp;<a href="#[260]">luaH_newkey</a><BR>
 <LI><a href="#[1e4]">luaH_resize</a>&nbsp;&nbsp;&nbsp;&rArr;&nbsp;&nbsp;&nbsp;<a href="#[c5]">luaM_toobig</a><BR>
 <LI><a href="#[25f]">setnodevector</a>&nbsp;&nbsp;&nbsp;&rArr;&nbsp;&nbsp;&nbsp;<a href="#[1a9]">luaG_runerror</a><BR>
 <LI><a href="#[265]">setarrayvector</a>&nbsp;&nbsp;&nbsp;&rArr;&nbsp;&nbsp;&nbsp;<a href="#[c5]">luaM_toobig</a><BR>
 <LI><a href="#[10d]">luaV_finishget</a>&nbsp;&nbsp;&nbsp;&rArr;&nbsp;&nbsp;&nbsp;<a href="#[1a9]">luaG_runerror</a><BR>
 <LI><a href="#[23c]">luaV_execute</a>&nbsp;&nbsp;&nbsp;&rArr;&nbsp;&nbsp;&nbsp;<a href="#[287]">luaV_concat</a><BR>
 <LI><a href="#[b0]">luaD_throw</a>&nbsp;&nbsp;&nbsp;&rArr;&nbsp;&nbsp;&nbsp;<a href="#[b0]">luaD_throw</a><BR>
 <LI><a href="#[1e0]">luaD_growstack</a>&nbsp;&nbsp;&nbsp;&rArr;&nbsp;&nbsp;&nbsp;<a href="#[1a9]">luaG_runerror</a><BR>
 <LI><a href="#[141]">luaC_step</a>&nbsp;&nbsp;&nbsp;&rArr;&nbsp;&nbsp;&nbsp;<a href="#[234]">singlestep</a><BR>
 <LI><a href="#[244]">luaE_extendCI</a>&nbsp;&nbsp;&nbsp;&rArr;&nbsp;&nbsp;&nbsp;<a href="#[c6]">luaM_realloc_</a><BR>
 <LI><a href="#[23b]">luaD_precall</a>&nbsp;&nbsp;&nbsp;&rArr;&nbsp;&nbsp;&nbsp;<a href="#[23b]">luaD_precall</a><BR>
 <LI><a href="#[1e6]">luaV_mod</a>&nbsp;&nbsp;&nbsp;&rArr;&nbsp;&nbsp;&nbsp;<a href="#[1a9]">luaG_runerror</a><BR>
 <LI><a href="#[1e7]">luaV_div</a>&nbsp;&nbsp;&nbsp;&rArr;&nbsp;&nbsp;&nbsp;<a href="#[1a9]">luaG_runerror</a><BR>
 <LI><a href="#[24d]">luaF_findupval</a>&nbsp;&nbsp;&nbsp;&rArr;&nbsp;&nbsp;&nbsp;<a href="#[c6]">luaM_realloc_</a><BR>
 <LI><a href="#[23a]">stackerror</a>&nbsp;&nbsp;&nbsp;&rArr;&nbsp;&nbsp;&nbsp;<a href="#[1a9]">luaG_runerror</a><BR>
 <LI><a href="#[256]">luaO_pushvfstring</a>&nbsp;&nbsp;&nbsp;&rArr;&nbsp;&nbsp;&nbsp;<a href="#[1a9]">luaG_runerror</a><BR>
 <LI><a href="#[23d]">luaD_reallocstack</a>&nbsp;&nbsp;&nbsp;&rArr;&nbsp;&nbsp;&nbsp;<a href="#[c6]">luaM_realloc_</a><BR>
 <LI><a href="#[17f]">entersweep</a>&nbsp;&nbsp;&nbsp;&rArr;&nbsp;&nbsp;&nbsp;<a href="#[180]">sweeplist</a><BR>
 <LI><a href="#[1a0]">findfield</a>&nbsp;&nbsp;&nbsp;&rArr;&nbsp;&nbsp;&nbsp;<a href="#[1a0]">findfield</a><BR>
 <LI><a href="#[209]">txtToken</a>&nbsp;&nbsp;&nbsp;&rArr;&nbsp;&nbsp;&nbsp;<a href="#[132]">save</a><BR>
 <LI><a href="#[18f]">subexpr</a>&nbsp;&nbsp;&nbsp;&rArr;&nbsp;&nbsp;&nbsp;<a href="#[18f]">subexpr</a><BR>
 <LI><a href="#[2be]">yindex</a>&nbsp;&nbsp;&nbsp;&rArr;&nbsp;&nbsp;&nbsp;<a href="#[162]">expr</a><BR>
 <LI><a href="#[2c8]">singlevaraux</a>&nbsp;&nbsp;&nbsp;&rArr;&nbsp;&nbsp;&nbsp;<a href="#[2c8]">singlevaraux</a><BR>
 <LI><a href="#[2b2]">primaryexp</a>&nbsp;&nbsp;&nbsp;&rArr;&nbsp;&nbsp;&nbsp;<a href="#[162]">expr</a><BR>
 <LI><a href="#[f7]">explist</a>&nbsp;&nbsp;&nbsp;&rArr;&nbsp;&nbsp;&nbsp;<a href="#[162]">expr</a><BR>
 <LI><a href="#[19c]">recfield</a>&nbsp;&nbsp;&nbsp;&rArr;&nbsp;&nbsp;&nbsp;<a href="#[162]">expr</a><BR>
 <LI><a href="#[19b]">listfield</a>&nbsp;&nbsp;&nbsp;&rArr;&nbsp;&nbsp;&nbsp;<a href="#[162]">expr</a><BR>
 <LI><a href="#[118]">body</a>&nbsp;&nbsp;&nbsp;&rArr;&nbsp;&nbsp;&nbsp;<a href="#[116]">statlist</a><BR>
 <LI><a href="#[114]">block</a>&nbsp;&nbsp;&nbsp;&rArr;&nbsp;&nbsp;&nbsp;<a href="#[116]">statlist</a><BR>
 <LI><a href="#[2c1]">repeatstat</a>&nbsp;&nbsp;&nbsp;&rArr;&nbsp;&nbsp;&nbsp;<a href="#[116]">statlist</a><BR>
 <LI><a href="#[200]">skipnoopstat</a>&nbsp;&nbsp;&nbsp;&rArr;&nbsp;&nbsp;&nbsp;<a href="#[2cc]">statement</a><BR>
 <LI><a href="#[1e2]">test_then_block</a>&nbsp;&nbsp;&nbsp;&rArr;&nbsp;&nbsp;&nbsp;<a href="#[116]">statlist</a><BR>
 <LI><a href="#[f0]">assignment</a>&nbsp;&nbsp;&nbsp;&rArr;&nbsp;&nbsp;&nbsp;<a href="#[f0]">assignment</a><BR>
 <LI><a href="#[ce]">LoadProtos</a>&nbsp;&nbsp;&nbsp;&rArr;&nbsp;&nbsp;&nbsp;<a href="#[cc]">LoadFunction</a><BR>
</UL>
<P>
<H3>
Function Pointers
</H3><UL>
 <LI><a href="#[2e]">ADC1_2_IRQHandler</a> from startup_stm32f10x_hd.o(.text) referenced from startup_stm32f10x_hd.o(RESET)
 <LI><a href="#[4b]">ADC3_IRQHandler</a> from startup_stm32f10x_hd.o(.text) referenced from startup_stm32f10x_hd.o(RESET)
 <LI><a href="#[16]">BusFault_Handler</a> from stm32f10x_it.o(i.BusFault_Handler) referenced from startup_stm32f10x_hd.o(RESET)
 <LI><a href="#[31]">CAN1_RX1_IRQHandler</a> from startup_stm32f10x_hd.o(.text) referenced from startup_stm32f10x_hd.o(RESET)
 <LI><a href="#[32]">CAN1_SCE_IRQHandler</a> from startup_stm32f10x_hd.o(.text) referenced from startup_stm32f10x_hd.o(RESET)
 <LI><a href="#[27]">DMA1_Channel1_IRQHandler</a> from startup_stm32f10x_hd.o(.text) referenced from startup_stm32f10x_hd.o(RESET)
 <LI><a href="#[28]">DMA1_Channel2_IRQHandler</a> from startup_stm32f10x_hd.o(.text) referenced from startup_stm32f10x_hd.o(RESET)
 <LI><a href="#[29]">DMA1_Channel3_IRQHandler</a> from startup_stm32f10x_hd.o(.text) referenced from startup_stm32f10x_hd.o(RESET)
 <LI><a href="#[2a]">DMA1_Channel4_IRQHandler</a> from startup_stm32f10x_hd.o(.text) referenced from startup_stm32f10x_hd.o(RESET)
 <LI><a href="#[2b]">DMA1_Channel5_IRQHandler</a> from startup_stm32f10x_hd.o(.text) referenced from startup_stm32f10x_hd.o(RESET)
 <LI><a href="#[2c]">DMA1_Channel6_IRQHandler</a> from startup_stm32f10x_hd.o(.text) referenced from startup_stm32f10x_hd.o(RESET)
 <LI><a href="#[2d]">DMA1_Channel7_IRQHandler</a> from startup_stm32f10x_hd.o(.text) referenced from startup_stm32f10x_hd.o(RESET)
 <LI><a href="#[54]">DMA2_Channel1_IRQHandler</a> from startup_stm32f10x_hd.o(.text) referenced from startup_stm32f10x_hd.o(RESET)
 <LI><a href="#[55]">DMA2_Channel2_IRQHandler</a> from startup_stm32f10x_hd.o(.text) referenced from startup_stm32f10x_hd.o(RESET)
 <LI><a href="#[56]">DMA2_Channel3_IRQHandler</a> from startup_stm32f10x_hd.o(.text) referenced from startup_stm32f10x_hd.o(RESET)
 <LI><a href="#[57]">DMA2_Channel4_5_IRQHandler</a> from startup_stm32f10x_hd.o(.text) referenced from startup_stm32f10x_hd.o(RESET)
 <LI><a href="#[19]">DebugMon_Handler</a> from stm32f10x_it.o(i.DebugMon_Handler) referenced from startup_stm32f10x_hd.o(RESET)
 <LI><a href="#[22]">EXTI0_IRQHandler</a> from startup_stm32f10x_hd.o(.text) referenced from startup_stm32f10x_hd.o(RESET)
 <LI><a href="#[44]">EXTI15_10_IRQHandler</a> from startup_stm32f10x_hd.o(.text) referenced from startup_stm32f10x_hd.o(RESET)
 <LI><a href="#[23]">EXTI1_IRQHandler</a> from startup_stm32f10x_hd.o(.text) referenced from startup_stm32f10x_hd.o(RESET)
 <LI><a href="#[24]">EXTI2_IRQHandler</a> from startup_stm32f10x_hd.o(.text) referenced from startup_stm32f10x_hd.o(RESET)
 <LI><a href="#[25]">EXTI3_IRQHandler</a> from startup_stm32f10x_hd.o(.text) referenced from startup_stm32f10x_hd.o(RESET)
 <LI><a href="#[26]">EXTI4_IRQHandler</a> from startup_stm32f10x_hd.o(.text) referenced from startup_stm32f10x_hd.o(RESET)
 <LI><a href="#[33]">EXTI9_5_IRQHandler</a> from startup_stm32f10x_hd.o(.text) referenced from startup_stm32f10x_hd.o(RESET)
 <LI><a href="#[20]">FLASH_IRQHandler</a> from startup_stm32f10x_hd.o(.text) referenced from startup_stm32f10x_hd.o(RESET)
 <LI><a href="#[4c]">FSMC_IRQHandler</a> from startup_stm32f10x_hd.o(.text) referenced from startup_stm32f10x_hd.o(RESET)
 <LI><a href="#[14]">HardFault_Handler</a> from stm32f10x_it.o(i.HardFault_Handler) referenced from startup_stm32f10x_hd.o(RESET)
 <LI><a href="#[3c]">I2C1_ER_IRQHandler</a> from startup_stm32f10x_hd.o(.text) referenced from startup_stm32f10x_hd.o(RESET)
 <LI><a href="#[3b]">I2C1_EV_IRQHandler</a> from startup_stm32f10x_hd.o(.text) referenced from startup_stm32f10x_hd.o(RESET)
 <LI><a href="#[3e]">I2C2_ER_IRQHandler</a> from startup_stm32f10x_hd.o(.text) referenced from startup_stm32f10x_hd.o(RESET)
 <LI><a href="#[3d]">I2C2_EV_IRQHandler</a> from startup_stm32f10x_hd.o(.text) referenced from startup_stm32f10x_hd.o(RESET)
 <LI><a href="#[15]">MemManage_Handler</a> from stm32f10x_it.o(i.MemManage_Handler) referenced from startup_stm32f10x_hd.o(RESET)
 <LI><a href="#[13]">NMI_Handler</a> from stm32f10x_it.o(i.NMI_Handler) referenced from startup_stm32f10x_hd.o(RESET)
 <LI><a href="#[1d]">PVD_IRQHandler</a> from startup_stm32f10x_hd.o(.text) referenced from startup_stm32f10x_hd.o(RESET)
 <LI><a href="#[1a]">PendSV_Handler</a> from stm32f10x_it.o(i.PendSV_Handler) referenced from startup_stm32f10x_hd.o(RESET)
 <LI><a href="#[21]">RCC_IRQHandler</a> from startup_stm32f10x_hd.o(.text) referenced from startup_stm32f10x_hd.o(RESET)
 <LI><a href="#[45]">RTCAlarm_IRQHandler</a> from startup_stm32f10x_hd.o(.text) referenced from startup_stm32f10x_hd.o(RESET)
 <LI><a href="#[1f]">RTC_IRQHandler</a> from startup_stm32f10x_hd.o(.text) referenced from startup_stm32f10x_hd.o(RESET)
 <LI><a href="#[89]">Reset_Handler</a> from startup_stm32f10x_hd.o(.text) referenced from startup_stm32f10x_hd.o(RESET)
 <LI><a href="#[4d]">SDIO_IRQHandler</a> from startup_stm32f10x_hd.o(.text) referenced from startup_stm32f10x_hd.o(RESET)
 <LI><a href="#[3f]">SPI1_IRQHandler</a> from startup_stm32f10x_hd.o(.text) referenced from startup_stm32f10x_hd.o(RESET)
 <LI><a href="#[40]">SPI2_IRQHandler</a> from startup_stm32f10x_hd.o(.text) referenced from startup_stm32f10x_hd.o(RESET)
 <LI><a href="#[4f]">SPI3_IRQHandler</a> from startup_stm32f10x_hd.o(.text) referenced from startup_stm32f10x_hd.o(RESET)
 <LI><a href="#[18]">SVC_Handler</a> from stm32f10x_it.o(i.SVC_Handler) referenced from startup_stm32f10x_hd.o(RESET)
 <LI><a href="#[1b]">SysTick_Handler</a> from stm32f10x_it.o(i.SysTick_Handler) referenced from startup_stm32f10x_hd.o(RESET)
 <LI><a href="#[59]">SystemInit</a> from system_stm32f10x.o(i.SystemInit) referenced from startup_stm32f10x_hd.o(.text)
 <LI><a href="#[1e]">TAMPER_IRQHandler</a> from startup_stm32f10x_hd.o(.text) referenced from startup_stm32f10x_hd.o(RESET)
 <LI><a href="#[34]">TIM1_BRK_IRQHandler</a> from startup_stm32f10x_hd.o(.text) referenced from startup_stm32f10x_hd.o(RESET)
 <LI><a href="#[37]">TIM1_CC_IRQHandler</a> from startup_stm32f10x_hd.o(.text) referenced from startup_stm32f10x_hd.o(RESET)
 <LI><a href="#[36]">TIM1_TRG_COM_IRQHandler</a> from startup_stm32f10x_hd.o(.text) referenced from startup_stm32f10x_hd.o(RESET)
 <LI><a href="#[35]">TIM1_UP_IRQHandler</a> from startup_stm32f10x_hd.o(.text) referenced from startup_stm32f10x_hd.o(RESET)
 <LI><a href="#[38]">TIM2_IRQHandler</a> from startup_stm32f10x_hd.o(.text) referenced from startup_stm32f10x_hd.o(RESET)
 <LI><a href="#[39]">TIM3_IRQHandler</a> from startup_stm32f10x_hd.o(.text) referenced from startup_stm32f10x_hd.o(RESET)
 <LI><a href="#[3a]">TIM4_IRQHandler</a> from startup_stm32f10x_hd.o(.text) referenced from startup_stm32f10x_hd.o(RESET)
 <LI><a href="#[4e]">TIM5_IRQHandler</a> from startup_stm32f10x_hd.o(.text) referenced from startup_stm32f10x_hd.o(RESET)
 <LI><a href="#[52]">TIM6_IRQHandler</a> from startup_stm32f10x_hd.o(.text) referenced from startup_stm32f10x_hd.o(RESET)
 <LI><a href="#[53]">TIM7_IRQHandler</a> from startup_stm32f10x_hd.o(.text) referenced from startup_stm32f10x_hd.o(RESET)
 <LI><a href="#[47]">TIM8_BRK_IRQHandler</a> from startup_stm32f10x_hd.o(.text) referenced from startup_stm32f10x_hd.o(RESET)
 <LI><a href="#[4a]">TIM8_CC_IRQHandler</a> from startup_stm32f10x_hd.o(.text) referenced from startup_stm32f10x_hd.o(RESET)
 <LI><a href="#[49]">TIM8_TRG_COM_IRQHandler</a> from startup_stm32f10x_hd.o(.text) referenced from startup_stm32f10x_hd.o(RESET)
 <LI><a href="#[48]">TIM8_UP_IRQHandler</a> from startup_stm32f10x_hd.o(.text) referenced from startup_stm32f10x_hd.o(RESET)
 <LI><a href="#[50]">UART4_IRQHandler</a> from startup_stm32f10x_hd.o(.text) referenced from startup_stm32f10x_hd.o(RESET)
 <LI><a href="#[51]">UART5_IRQHandler</a> from startup_stm32f10x_hd.o(.text) referenced from startup_stm32f10x_hd.o(RESET)
 <LI><a href="#[41]">USART1_IRQHandler</a> from startup_stm32f10x_hd.o(.text) referenced from startup_stm32f10x_hd.o(RESET)
 <LI><a href="#[42]">USART2_IRQHandler</a> from startup_stm32f10x_hd.o(.text) referenced from startup_stm32f10x_hd.o(RESET)
 <LI><a href="#[43]">USART3_IRQHandler</a> from startup_stm32f10x_hd.o(.text) referenced from startup_stm32f10x_hd.o(RESET)
 <LI><a href="#[46]">USBWakeUp_IRQHandler</a> from startup_stm32f10x_hd.o(.text) referenced from startup_stm32f10x_hd.o(RESET)
 <LI><a href="#[2f]">USB_HP_CAN1_TX_IRQHandler</a> from startup_stm32f10x_hd.o(.text) referenced from startup_stm32f10x_hd.o(RESET)
 <LI><a href="#[30]">USB_LP_CAN1_RX0_IRQHandler</a> from startup_stm32f10x_hd.o(.text) referenced from startup_stm32f10x_hd.o(RESET)
 <LI><a href="#[17]">UsageFault_Handler</a> from stm32f10x_it.o(i.UsageFault_Handler) referenced from startup_stm32f10x_hd.o(RESET)
 <LI><a href="#[1c]">WWDG_IRQHandler</a> from startup_stm32f10x_hd.o(.text) referenced from startup_stm32f10x_hd.o(RESET)
 <LI><a href="#[5a]">__main</a> from entry.o(.ARM.Collect$$$$00000000) referenced from startup_stm32f10x_hd.o(.text)
 <LI><a href="#[5c]">_sbackspace</a> from _sgetc.o(.text) referenced from strtod.o(.text)
 <LI><a href="#[5b]">_sgetc</a> from _sgetc.o(.text) referenced from strtod.o(.text)
 <LI><a href="#[60]">_snputc</a> from printfa.o(i._snputc) referenced from printfa.o(i.__0snprintf)
 <LI><a href="#[61]">dofilecont</a> from lbaselib.o(i.dofilecont) referenced from lbaselib.o(i.luaB_dofile)
 <LI><a href="#[5e]">dothecall</a> from lgc.o(i.dothecall) referenced from lgc.o(i.GCTM)
 <LI><a href="#[6d]">f_call</a> from lapi.o(i.f_call) referenced from lapi.o(i.lua_pcallk)
 <LI><a href="#[6c]">f_luaopen</a> from lstate.o(i.f_luaopen) referenced from lstate.o(i.lua_newstate)
 <LI><a href="#[66]">f_parser</a> from ldo.o(i.f_parser) referenced from ldo.o(i.luaD_protectedparser)
 <LI><a href="#[65]">finishpcall</a> from lbaselib.o(i.finishpcall) referenced from lbaselib.o(i.luaB_pcall)
 <LI><a href="#[65]">finishpcall</a> from lbaselib.o(i.finishpcall) referenced from lbaselib.o(i.luaB_xpcall)
 <LI><a href="#[5f]">fputc</a> from main.o(i.fputc) referenced from printfa.o(i.__0fprintf)
 <LI><a href="#[63]">generic_reader</a> from lbaselib.o(i.generic_reader) referenced from lbaselib.o(i.luaB_load)
 <LI><a href="#[68]">getF</a> from lauxlib.o(i.getF) referenced from lauxlib.o(i.luaL_loadfilex)
 <LI><a href="#[67]">getS</a> from lauxlib.o(i.getS) referenced from lauxlib.o(i.luaL_loadbufferx)
 <LI><a href="#[6b]">growstack</a> from lapi.o(i.growstack) referenced from lapi.o(i.lua_checkstack)
 <LI><a href="#[62]">ipairsaux</a> from lbaselib.o(i.ipairsaux) referenced from lbaselib.o(i.luaB_ipairs)
 <LI><a href="#[5d]">isspace</a> from isspace_o.o(.text) referenced from strtod.o(.text)
 <LI><a href="#[69]">l_alloc</a> from lauxlib.o(i.l_alloc) referenced from lauxlib.o(i.luaL_newstate)
 <LI><a href="#[72]">luaB_assert</a> from lbaselib.o(i.luaB_assert) referenced from lbaselib.o(.constdata)
 <LI><a href="#[73]">luaB_collectgarbage</a> from lbaselib.o(i.luaB_collectgarbage) referenced from lbaselib.o(.constdata)
 <LI><a href="#[74]">luaB_dofile</a> from lbaselib.o(i.luaB_dofile) referenced from lbaselib.o(.constdata)
 <LI><a href="#[75]">luaB_error</a> from lbaselib.o(i.luaB_error) referenced from lbaselib.o(.constdata)
 <LI><a href="#[76]">luaB_getmetatable</a> from lbaselib.o(i.luaB_getmetatable) referenced from lbaselib.o(.constdata)
 <LI><a href="#[77]">luaB_ipairs</a> from lbaselib.o(i.luaB_ipairs) referenced from lbaselib.o(.constdata)
 <LI><a href="#[79]">luaB_load</a> from lbaselib.o(i.luaB_load) referenced from lbaselib.o(.constdata)
 <LI><a href="#[78]">luaB_loadfile</a> from lbaselib.o(i.luaB_loadfile) referenced from lbaselib.o(.constdata)
 <LI><a href="#[64]">luaB_next</a> from lbaselib.o(i.luaB_next) referenced from lbaselib.o(.constdata)
 <LI><a href="#[64]">luaB_next</a> from lbaselib.o(i.luaB_next) referenced from lbaselib.o(i.luaB_pairs)
 <LI><a href="#[7a]">luaB_pairs</a> from lbaselib.o(i.luaB_pairs) referenced from lbaselib.o(.constdata)
 <LI><a href="#[7b]">luaB_pcall</a> from lbaselib.o(i.luaB_pcall) referenced from lbaselib.o(.constdata)
 <LI><a href="#[7c]">luaB_print</a> from lbaselib.o(i.luaB_print) referenced from lbaselib.o(.constdata)
 <LI><a href="#[7d]">luaB_rawequal</a> from lbaselib.o(i.luaB_rawequal) referenced from lbaselib.o(.constdata)
 <LI><a href="#[7f]">luaB_rawget</a> from lbaselib.o(i.luaB_rawget) referenced from lbaselib.o(.constdata)
 <LI><a href="#[7e]">luaB_rawlen</a> from lbaselib.o(i.luaB_rawlen) referenced from lbaselib.o(.constdata)
 <LI><a href="#[80]">luaB_rawset</a> from lbaselib.o(i.luaB_rawset) referenced from lbaselib.o(.constdata)
 <LI><a href="#[81]">luaB_select</a> from lbaselib.o(i.luaB_select) referenced from lbaselib.o(.constdata)
 <LI><a href="#[82]">luaB_setmetatable</a> from lbaselib.o(i.luaB_setmetatable) referenced from lbaselib.o(.constdata)
 <LI><a href="#[83]">luaB_tonumber</a> from lbaselib.o(i.luaB_tonumber) referenced from lbaselib.o(.constdata)
 <LI><a href="#[84]">luaB_tostring</a> from lbaselib.o(i.luaB_tostring) referenced from lbaselib.o(.constdata)
 <LI><a href="#[85]">luaB_type</a> from lbaselib.o(i.luaB_type) referenced from lbaselib.o(.constdata)
 <LI><a href="#[86]">luaB_xpcall</a> from lbaselib.o(i.luaB_xpcall) referenced from lbaselib.o(.constdata)
 <LI><a href="#[71]">lua_delay</a> from main.o(i.lua_delay) referenced from main.o(.constdata)
 <LI><a href="#[70]">lua_led_off</a> from main.o(i.lua_led_off) referenced from main.o(.constdata)
 <LI><a href="#[6f]">lua_led_on</a> from main.o(i.lua_led_on) referenced from main.o(.constdata)
 <LI><a href="#[6e]">lua_newstate</a> from lstate.o(i.lua_newstate) referenced from lstate.o(i.makeseed)
 <LI><a href="#[58]">main</a> from main.o(i.main) referenced from entry9a.o(.ARM.Collect$$$$0000000B)
 <LI><a href="#[87]">mem_init</a> from malloc.o(i.mem_init) referenced from malloc.o(.data)
 <LI><a href="#[88]">mem_perused</a> from malloc.o(i.mem_perused) referenced from malloc.o(.data)
 <LI><a href="#[6a]">panic</a> from lauxlib.o(i.panic) referenced from lauxlib.o(i.luaL_newstate)
</UL>
<P>
<H3>
Global Symbols
</H3>
<P><STRONG><a name="[5a]"></a>__main</STRONG> (Thumb, 0 bytes, Stack size unknown bytes, entry.o(.ARM.Collect$$$$00000000))
<BR>[Address Reference Count : 1]<UL><LI> startup_stm32f10x_hd.o(.text)
</UL>
<P><STRONG><a name="[2d6]"></a>_main_stk</STRONG> (Thumb, 0 bytes, Stack size unknown bytes, entry2.o(.ARM.Collect$$$$00000001))

<P><STRONG><a name="[8a]"></a>_main_scatterload</STRONG> (Thumb, 0 bytes, Stack size unknown bytes, entry5.o(.ARM.Collect$$$$00000004))
<BR><BR>[Calls]<UL><LI><a href="#[8b]">&gt;&gt;</a>&nbsp;&nbsp;&nbsp;__scatterload
</UL>

<P><STRONG><a name="[a6]"></a>__main_after_scatterload</STRONG> (Thumb, 0 bytes, Stack size unknown bytes, entry5.o(.ARM.Collect$$$$00000004))
<BR><BR>[Called By]<UL><LI><a href="#[8b]">&gt;&gt;</a>&nbsp;&nbsp;&nbsp;__scatterload
</UL>

<P><STRONG><a name="[2d7]"></a>_main_clock</STRONG> (Thumb, 0 bytes, Stack size unknown bytes, entry7b.o(.ARM.Collect$$$$00000008))

<P><STRONG><a name="[2d8]"></a>_main_cpp_init</STRONG> (Thumb, 0 bytes, Stack size unknown bytes, entry8b.o(.ARM.Collect$$$$0000000A))

<P><STRONG><a name="[2d9]"></a>_main_init</STRONG> (Thumb, 0 bytes, Stack size unknown bytes, entry9a.o(.ARM.Collect$$$$0000000B))

<P><STRONG><a name="[2da]"></a>__rt_final_cpp</STRONG> (Thumb, 0 bytes, Stack size unknown bytes, entry10a.o(.ARM.Collect$$$$0000000D))

<P><STRONG><a name="[2db]"></a>__rt_final_exit</STRONG> (Thumb, 0 bytes, Stack size unknown bytes, entry11a.o(.ARM.Collect$$$$0000000F))

<P><STRONG><a name="[89]"></a>Reset_Handler</STRONG> (Thumb, 8 bytes, Stack size 0 bytes, startup_stm32f10x_hd.o(.text))

<P><STRONG><a name="[2e]"></a>ADC1_2_IRQHandler</STRONG> (Thumb, 0 bytes, Stack size 0 bytes, startup_stm32f10x_hd.o(.text))
<BR><BR>[Calls]<UL><LI><a href="#[2e]">&gt;&gt;</a>&nbsp;&nbsp;&nbsp;ADC1_2_IRQHandler
</UL>
<BR>[Called By]<UL><LI><a href="#[2e]">&gt;&gt;</a>&nbsp;&nbsp;&nbsp;ADC1_2_IRQHandler
</UL>
<BR>[Address Reference Count : 1]<UL><LI> startup_stm32f10x_hd.o(RESET)
</UL>
<P><STRONG><a name="[4b]"></a>ADC3_IRQHandler</STRONG> (Thumb, 0 bytes, Stack size 0 bytes, startup_stm32f10x_hd.o(.text))
<BR>[Address Reference Count : 1]<UL><LI> startup_stm32f10x_hd.o(RESET)
</UL>
<P><STRONG><a name="[31]"></a>CAN1_RX1_IRQHandler</STRONG> (Thumb, 0 bytes, Stack size 0 bytes, startup_stm32f10x_hd.o(.text))
<BR>[Address Reference Count : 1]<UL><LI> startup_stm32f10x_hd.o(RESET)
</UL>
<P><STRONG><a name="[32]"></a>CAN1_SCE_IRQHandler</STRONG> (Thumb, 0 bytes, Stack size 0 bytes, startup_stm32f10x_hd.o(.text))
<BR>[Address Reference Count : 1]<UL><LI> startup_stm32f10x_hd.o(RESET)
</UL>
<P><STRONG><a name="[27]"></a>DMA1_Channel1_IRQHandler</STRONG> (Thumb, 0 bytes, Stack size 0 bytes, startup_stm32f10x_hd.o(.text))
<BR>[Address Reference Count : 1]<UL><LI> startup_stm32f10x_hd.o(RESET)
</UL>
<P><STRONG><a name="[28]"></a>DMA1_Channel2_IRQHandler</STRONG> (Thumb, 0 bytes, Stack size 0 bytes, startup_stm32f10x_hd.o(.text))
<BR>[Address Reference Count : 1]<UL><LI> startup_stm32f10x_hd.o(RESET)
</UL>
<P><STRONG><a name="[29]"></a>DMA1_Channel3_IRQHandler</STRONG> (Thumb, 0 bytes, Stack size 0 bytes, startup_stm32f10x_hd.o(.text))
<BR>[Address Reference Count : 1]<UL><LI> startup_stm32f10x_hd.o(RESET)
</UL>
<P><STRONG><a name="[2a]"></a>DMA1_Channel4_IRQHandler</STRONG> (Thumb, 0 bytes, Stack size 0 bytes, startup_stm32f10x_hd.o(.text))
<BR>[Address Reference Count : 1]<UL><LI> startup_stm32f10x_hd.o(RESET)
</UL>
<P><STRONG><a name="[2b]"></a>DMA1_Channel5_IRQHandler</STRONG> (Thumb, 0 bytes, Stack size 0 bytes, startup_stm32f10x_hd.o(.text))
<BR>[Address Reference Count : 1]<UL><LI> startup_stm32f10x_hd.o(RESET)
</UL>
<P><STRONG><a name="[2c]"></a>DMA1_Channel6_IRQHandler</STRONG> (Thumb, 0 bytes, Stack size 0 bytes, startup_stm32f10x_hd.o(.text))
<BR>[Address Reference Count : 1]<UL><LI> startup_stm32f10x_hd.o(RESET)
</UL>
<P><STRONG><a name="[2d]"></a>DMA1_Channel7_IRQHandler</STRONG> (Thumb, 0 bytes, Stack size 0 bytes, startup_stm32f10x_hd.o(.text))
<BR>[Address Reference Count : 1]<UL><LI> startup_stm32f10x_hd.o(RESET)
</UL>
<P><STRONG><a name="[54]"></a>DMA2_Channel1_IRQHandler</STRONG> (Thumb, 0 bytes, Stack size 0 bytes, startup_stm32f10x_hd.o(.text))
<BR>[Address Reference Count : 1]<UL><LI> startup_stm32f10x_hd.o(RESET)
</UL>
<P><STRONG><a name="[55]"></a>DMA2_Channel2_IRQHandler</STRONG> (Thumb, 0 bytes, Stack size 0 bytes, startup_stm32f10x_hd.o(.text))
<BR>[Address Reference Count : 1]<UL><LI> startup_stm32f10x_hd.o(RESET)
</UL>
<P><STRONG><a name="[56]"></a>DMA2_Channel3_IRQHandler</STRONG> (Thumb, 0 bytes, Stack size 0 bytes, startup_stm32f10x_hd.o(.text))
<BR>[Address Reference Count : 1]<UL><LI> startup_stm32f10x_hd.o(RESET)
</UL>
<P><STRONG><a name="[57]"></a>DMA2_Channel4_5_IRQHandler</STRONG> (Thumb, 0 bytes, Stack size 0 bytes, startup_stm32f10x_hd.o(.text))
<BR>[Address Reference Count : 1]<UL><LI> startup_stm32f10x_hd.o(RESET)
</UL>
<P><STRONG><a name="[22]"></a>EXTI0_IRQHandler</STRONG> (Thumb, 0 bytes, Stack size 0 bytes, startup_stm32f10x_hd.o(.text))
<BR>[Address Reference Count : 1]<UL><LI> startup_stm32f10x_hd.o(RESET)
</UL>
<P><STRONG><a name="[44]"></a>EXTI15_10_IRQHandler</STRONG> (Thumb, 0 bytes, Stack size 0 bytes, startup_stm32f10x_hd.o(.text))
<BR>[Address Reference Count : 1]<UL><LI> startup_stm32f10x_hd.o(RESET)
</UL>
<P><STRONG><a name="[23]"></a>EXTI1_IRQHandler</STRONG> (Thumb, 0 bytes, Stack size 0 bytes, startup_stm32f10x_hd.o(.text))
<BR>[Address Reference Count : 1]<UL><LI> startup_stm32f10x_hd.o(RESET)
</UL>
<P><STRONG><a name="[24]"></a>EXTI2_IRQHandler</STRONG> (Thumb, 0 bytes, Stack size 0 bytes, startup_stm32f10x_hd.o(.text))
<BR>[Address Reference Count : 1]<UL><LI> startup_stm32f10x_hd.o(RESET)
</UL>
<P><STRONG><a name="[25]"></a>EXTI3_IRQHandler</STRONG> (Thumb, 0 bytes, Stack size 0 bytes, startup_stm32f10x_hd.o(.text))
<BR>[Address Reference Count : 1]<UL><LI> startup_stm32f10x_hd.o(RESET)
</UL>
<P><STRONG><a name="[26]"></a>EXTI4_IRQHandler</STRONG> (Thumb, 0 bytes, Stack size 0 bytes, startup_stm32f10x_hd.o(.text))
<BR>[Address Reference Count : 1]<UL><LI> startup_stm32f10x_hd.o(RESET)
</UL>
<P><STRONG><a name="[33]"></a>EXTI9_5_IRQHandler</STRONG> (Thumb, 0 bytes, Stack size 0 bytes, startup_stm32f10x_hd.o(.text))
<BR>[Address Reference Count : 1]<UL><LI> startup_stm32f10x_hd.o(RESET)
</UL>
<P><STRONG><a name="[20]"></a>FLASH_IRQHandler</STRONG> (Thumb, 0 bytes, Stack size 0 bytes, startup_stm32f10x_hd.o(.text))
<BR>[Address Reference Count : 1]<UL><LI> startup_stm32f10x_hd.o(RESET)
</UL>
<P><STRONG><a name="[4c]"></a>FSMC_IRQHandler</STRONG> (Thumb, 0 bytes, Stack size 0 bytes, startup_stm32f10x_hd.o(.text))
<BR>[Address Reference Count : 1]<UL><LI> startup_stm32f10x_hd.o(RESET)
</UL>
<P><STRONG><a name="[3c]"></a>I2C1_ER_IRQHandler</STRONG> (Thumb, 0 bytes, Stack size 0 bytes, startup_stm32f10x_hd.o(.text))
<BR>[Address Reference Count : 1]<UL><LI> startup_stm32f10x_hd.o(RESET)
</UL>
<P><STRONG><a name="[3b]"></a>I2C1_EV_IRQHandler</STRONG> (Thumb, 0 bytes, Stack size 0 bytes, startup_stm32f10x_hd.o(.text))
<BR>[Address Reference Count : 1]<UL><LI> startup_stm32f10x_hd.o(RESET)
</UL>
<P><STRONG><a name="[3e]"></a>I2C2_ER_IRQHandler</STRONG> (Thumb, 0 bytes, Stack size 0 bytes, startup_stm32f10x_hd.o(.text))
<BR>[Address Reference Count : 1]<UL><LI> startup_stm32f10x_hd.o(RESET)
</UL>
<P><STRONG><a name="[3d]"></a>I2C2_EV_IRQHandler</STRONG> (Thumb, 0 bytes, Stack size 0 bytes, startup_stm32f10x_hd.o(.text))
<BR>[Address Reference Count : 1]<UL><LI> startup_stm32f10x_hd.o(RESET)
</UL>
<P><STRONG><a name="[1d]"></a>PVD_IRQHandler</STRONG> (Thumb, 0 bytes, Stack size 0 bytes, startup_stm32f10x_hd.o(.text))
<BR>[Address Reference Count : 1]<UL><LI> startup_stm32f10x_hd.o(RESET)
</UL>
<P><STRONG><a name="[21]"></a>RCC_IRQHandler</STRONG> (Thumb, 0 bytes, Stack size 0 bytes, startup_stm32f10x_hd.o(.text))
<BR>[Address Reference Count : 1]<UL><LI> startup_stm32f10x_hd.o(RESET)
</UL>
<P><STRONG><a name="[45]"></a>RTCAlarm_IRQHandler</STRONG> (Thumb, 0 bytes, Stack size 0 bytes, startup_stm32f10x_hd.o(.text))
<BR>[Address Reference Count : 1]<UL><LI> startup_stm32f10x_hd.o(RESET)
</UL>
<P><STRONG><a name="[1f]"></a>RTC_IRQHandler</STRONG> (Thumb, 0 bytes, Stack size 0 bytes, startup_stm32f10x_hd.o(.text))
<BR>[Address Reference Count : 1]<UL><LI> startup_stm32f10x_hd.o(RESET)
</UL>
<P><STRONG><a name="[4d]"></a>SDIO_IRQHandler</STRONG> (Thumb, 0 bytes, Stack size 0 bytes, startup_stm32f10x_hd.o(.text))
<BR>[Address Reference Count : 1]<UL><LI> startup_stm32f10x_hd.o(RESET)
</UL>
<P><STRONG><a name="[3f]"></a>SPI1_IRQHandler</STRONG> (Thumb, 0 bytes, Stack size 0 bytes, startup_stm32f10x_hd.o(.text))
<BR>[Address Reference Count : 1]<UL><LI> startup_stm32f10x_hd.o(RESET)
</UL>
<P><STRONG><a name="[40]"></a>SPI2_IRQHandler</STRONG> (Thumb, 0 bytes, Stack size 0 bytes, startup_stm32f10x_hd.o(.text))
<BR>[Address Reference Count : 1]<UL><LI> startup_stm32f10x_hd.o(RESET)
</UL>
<P><STRONG><a name="[4f]"></a>SPI3_IRQHandler</STRONG> (Thumb, 0 bytes, Stack size 0 bytes, startup_stm32f10x_hd.o(.text))
<BR>[Address Reference Count : 1]<UL><LI> startup_stm32f10x_hd.o(RESET)
</UL>
<P><STRONG><a name="[1e]"></a>TAMPER_IRQHandler</STRONG> (Thumb, 0 bytes, Stack size 0 bytes, startup_stm32f10x_hd.o(.text))
<BR>[Address Reference Count : 1]<UL><LI> startup_stm32f10x_hd.o(RESET)
</UL>
<P><STRONG><a name="[34]"></a>TIM1_BRK_IRQHandler</STRONG> (Thumb, 0 bytes, Stack size 0 bytes, startup_stm32f10x_hd.o(.text))
<BR>[Address Reference Count : 1]<UL><LI> startup_stm32f10x_hd.o(RESET)
</UL>
<P><STRONG><a name="[37]"></a>TIM1_CC_IRQHandler</STRONG> (Thumb, 0 bytes, Stack size 0 bytes, startup_stm32f10x_hd.o(.text))
<BR>[Address Reference Count : 1]<UL><LI> startup_stm32f10x_hd.o(RESET)
</UL>
<P><STRONG><a name="[36]"></a>TIM1_TRG_COM_IRQHandler</STRONG> (Thumb, 0 bytes, Stack size 0 bytes, startup_stm32f10x_hd.o(.text))
<BR>[Address Reference Count : 1]<UL><LI> startup_stm32f10x_hd.o(RESET)
</UL>
<P><STRONG><a name="[35]"></a>TIM1_UP_IRQHandler</STRONG> (Thumb, 0 bytes, Stack size 0 bytes, startup_stm32f10x_hd.o(.text))
<BR>[Address Reference Count : 1]<UL><LI> startup_stm32f10x_hd.o(RESET)
</UL>
<P><STRONG><a name="[38]"></a>TIM2_IRQHandler</STRONG> (Thumb, 0 bytes, Stack size 0 bytes, startup_stm32f10x_hd.o(.text))
<BR>[Address Reference Count : 1]<UL><LI> startup_stm32f10x_hd.o(RESET)
</UL>
<P><STRONG><a name="[39]"></a>TIM3_IRQHandler</STRONG> (Thumb, 0 bytes, Stack size 0 bytes, startup_stm32f10x_hd.o(.text))
<BR>[Address Reference Count : 1]<UL><LI> startup_stm32f10x_hd.o(RESET)
</UL>
<P><STRONG><a name="[3a]"></a>TIM4_IRQHandler</STRONG> (Thumb, 0 bytes, Stack size 0 bytes, startup_stm32f10x_hd.o(.text))
<BR>[Address Reference Count : 1]<UL><LI> startup_stm32f10x_hd.o(RESET)
</UL>
<P><STRONG><a name="[4e]"></a>TIM5_IRQHandler</STRONG> (Thumb, 0 bytes, Stack size 0 bytes, startup_stm32f10x_hd.o(.text))
<BR>[Address Reference Count : 1]<UL><LI> startup_stm32f10x_hd.o(RESET)
</UL>
<P><STRONG><a name="[52]"></a>TIM6_IRQHandler</STRONG> (Thumb, 0 bytes, Stack size 0 bytes, startup_stm32f10x_hd.o(.text))
<BR>[Address Reference Count : 1]<UL><LI> startup_stm32f10x_hd.o(RESET)
</UL>
<P><STRONG><a name="[53]"></a>TIM7_IRQHandler</STRONG> (Thumb, 0 bytes, Stack size 0 bytes, startup_stm32f10x_hd.o(.text))
<BR>[Address Reference Count : 1]<UL><LI> startup_stm32f10x_hd.o(RESET)
</UL>
<P><STRONG><a name="[47]"></a>TIM8_BRK_IRQHandler</STRONG> (Thumb, 0 bytes, Stack size 0 bytes, startup_stm32f10x_hd.o(.text))
<BR>[Address Reference Count : 1]<UL><LI> startup_stm32f10x_hd.o(RESET)
</UL>
<P><STRONG><a name="[4a]"></a>TIM8_CC_IRQHandler</STRONG> (Thumb, 0 bytes, Stack size 0 bytes, startup_stm32f10x_hd.o(.text))
<BR>[Address Reference Count : 1]<UL><LI> startup_stm32f10x_hd.o(RESET)
</UL>
<P><STRONG><a name="[49]"></a>TIM8_TRG_COM_IRQHandler</STRONG> (Thumb, 0 bytes, Stack size 0 bytes, startup_stm32f10x_hd.o(.text))
<BR>[Address Reference Count : 1]<UL><LI> startup_stm32f10x_hd.o(RESET)
</UL>
<P><STRONG><a name="[48]"></a>TIM8_UP_IRQHandler</STRONG> (Thumb, 0 bytes, Stack size 0 bytes, startup_stm32f10x_hd.o(.text))
<BR>[Address Reference Count : 1]<UL><LI> startup_stm32f10x_hd.o(RESET)
</UL>
<P><STRONG><a name="[50]"></a>UART4_IRQHandler</STRONG> (Thumb, 0 bytes, Stack size 0 bytes, startup_stm32f10x_hd.o(.text))
<BR>[Address Reference Count : 1]<UL><LI> startup_stm32f10x_hd.o(RESET)
</UL>
<P><STRONG><a name="[51]"></a>UART5_IRQHandler</STRONG> (Thumb, 0 bytes, Stack size 0 bytes, startup_stm32f10x_hd.o(.text))
<BR>[Address Reference Count : 1]<UL><LI> startup_stm32f10x_hd.o(RESET)
</UL>
<P><STRONG><a name="[41]"></a>USART1_IRQHandler</STRONG> (Thumb, 0 bytes, Stack size 0 bytes, startup_stm32f10x_hd.o(.text))
<BR>[Address Reference Count : 1]<UL><LI> startup_stm32f10x_hd.o(RESET)
</UL>
<P><STRONG><a name="[42]"></a>USART2_IRQHandler</STRONG> (Thumb, 0 bytes, Stack size 0 bytes, startup_stm32f10x_hd.o(.text))
<BR>[Address Reference Count : 1]<UL><LI> startup_stm32f10x_hd.o(RESET)
</UL>
<P><STRONG><a name="[43]"></a>USART3_IRQHandler</STRONG> (Thumb, 0 bytes, Stack size 0 bytes, startup_stm32f10x_hd.o(.text))
<BR>[Address Reference Count : 1]<UL><LI> startup_stm32f10x_hd.o(RESET)
</UL>
<P><STRONG><a name="[46]"></a>USBWakeUp_IRQHandler</STRONG> (Thumb, 0 bytes, Stack size 0 bytes, startup_stm32f10x_hd.o(.text))
<BR>[Address Reference Count : 1]<UL><LI> startup_stm32f10x_hd.o(RESET)
</UL>
<P><STRONG><a name="[2f]"></a>USB_HP_CAN1_TX_IRQHandler</STRONG> (Thumb, 0 bytes, Stack size 0 bytes, startup_stm32f10x_hd.o(.text))
<BR>[Address Reference Count : 1]<UL><LI> startup_stm32f10x_hd.o(RESET)
</UL>
<P><STRONG><a name="[30]"></a>USB_LP_CAN1_RX0_IRQHandler</STRONG> (Thumb, 0 bytes, Stack size 0 bytes, startup_stm32f10x_hd.o(.text))
<BR>[Address Reference Count : 1]<UL><LI> startup_stm32f10x_hd.o(RESET)
</UL>
<P><STRONG><a name="[1c]"></a>WWDG_IRQHandler</STRONG> (Thumb, 0 bytes, Stack size 0 bytes, startup_stm32f10x_hd.o(.text))
<BR>[Address Reference Count : 1]<UL><LI> startup_stm32f10x_hd.o(RESET)
</UL>
<P><STRONG><a name="[1bf]"></a>fgetc</STRONG> (Thumb, 24 bytes, Stack size 0 bytes, fgetc_u.o(.text))
<BR><BR>[Called By]<UL><LI><a href="#[1d7]">&gt;&gt;</a>&nbsp;&nbsp;&nbsp;getc
<LI><a href="#[1be]">&gt;&gt;</a>&nbsp;&nbsp;&nbsp;fread
</UL>

<P><STRONG><a name="[2dc]"></a>ungetc</STRONG> (Thumb, 26 bytes, Stack size 0 bytes, fgetc_u.o(.text), UNUSED)

<P><STRONG><a name="[8c]"></a>__aeabi_ldivmod</STRONG> (Thumb, 98 bytes, Stack size 24 bytes, ldiv.o(.text))
<BR><BR>[Stack]<UL><LI>Max Depth = 64<LI>Call Chain = __aeabi_ldivmod &rArr; __aeabi_uldivmod
</UL>
<BR>[Calls]<UL><LI><a href="#[8d]">&gt;&gt;</a>&nbsp;&nbsp;&nbsp;__aeabi_uldivmod
</UL>
<BR>[Called By]<UL><LI><a href="#[1e6]">&gt;&gt;</a>&nbsp;&nbsp;&nbsp;luaV_mod
<LI><a href="#[1e7]">&gt;&gt;</a>&nbsp;&nbsp;&nbsp;luaV_div
</UL>

<P><STRONG><a name="[92]"></a>__aeabi_llsl</STRONG> (Thumb, 30 bytes, Stack size 0 bytes, llshl.o(.text))
<BR><BR>[Called By]<UL><LI><a href="#[91]">&gt;&gt;</a>&nbsp;&nbsp;&nbsp;__aeabi_dadd
<LI><a href="#[1e8]">&gt;&gt;</a>&nbsp;&nbsp;&nbsp;luaV_shiftl
<LI><a href="#[9c]">&gt;&gt;</a>&nbsp;&nbsp;&nbsp;__aeabi_d2lz
<LI><a href="#[a5]">&gt;&gt;</a>&nbsp;&nbsp;&nbsp;__aeabi_d2ulz
<LI><a href="#[8d]">&gt;&gt;</a>&nbsp;&nbsp;&nbsp;__aeabi_uldivmod
<LI><a href="#[94]">&gt;&gt;</a>&nbsp;&nbsp;&nbsp;_double_epilogue
</UL>

<P><STRONG><a name="[2dd]"></a>_ll_shift_l</STRONG> (Thumb, 0 bytes, Stack size 0 bytes, llshl.o(.text), UNUSED)

<P><STRONG><a name="[9d]"></a>__aeabi_llsr</STRONG> (Thumb, 32 bytes, Stack size 0 bytes, llushr.o(.text))
<BR><BR>[Called By]<UL><LI><a href="#[1e8]">&gt;&gt;</a>&nbsp;&nbsp;&nbsp;luaV_shiftl
<LI><a href="#[9c]">&gt;&gt;</a>&nbsp;&nbsp;&nbsp;__aeabi_d2lz
<LI><a href="#[a5]">&gt;&gt;</a>&nbsp;&nbsp;&nbsp;__aeabi_d2ulz
<LI><a href="#[a3]">&gt;&gt;</a>&nbsp;&nbsp;&nbsp;_dsqrt
<LI><a href="#[8d]">&gt;&gt;</a>&nbsp;&nbsp;&nbsp;__aeabi_uldivmod
<LI><a href="#[94]">&gt;&gt;</a>&nbsp;&nbsp;&nbsp;_double_epilogue
</UL>

<P><STRONG><a name="[2de]"></a>_ll_ushift_r</STRONG> (Thumb, 0 bytes, Stack size 0 bytes, llushr.o(.text), UNUSED)

<P><STRONG><a name="[8e]"></a>__rt_ctype_table</STRONG> (Thumb, 4 bytes, Stack size 0 bytes, ctype_o.o(.text))
<BR><BR>[Called By]<UL><LI><a href="#[111]">&gt;&gt;</a>&nbsp;&nbsp;&nbsp;b_str2int
<LI><a href="#[5d]">&gt;&gt;</a>&nbsp;&nbsp;&nbsp;isspace
</UL>

<P><STRONG><a name="[5d]"></a>isspace</STRONG> (Thumb, 18 bytes, Stack size 8 bytes, isspace_o.o(.text))
<BR><BR>[Stack]<UL><LI>Max Depth = 8<LI>Call Chain = isspace
</UL>
<BR>[Calls]<UL><LI><a href="#[8e]">&gt;&gt;</a>&nbsp;&nbsp;&nbsp;__rt_ctype_table
</UL>
<BR>[Address Reference Count : 1]<UL><LI> strtod.o(.text)
</UL>
<P><STRONG><a name="[113]"></a>toupper</STRONG> (Thumb, 12 bytes, Stack size 0 bytes, toupper.o(.text))
<BR><BR>[Called By]<UL><LI><a href="#[111]">&gt;&gt;</a>&nbsp;&nbsp;&nbsp;b_str2int
</UL>

<P><STRONG><a name="[1fa]"></a>localeconv</STRONG> (Thumb, 4 bytes, Stack size 0 bytes, localeconv.o(.text))
<BR><BR>[Called By]<UL><LI><a href="#[284]">&gt;&gt;</a>&nbsp;&nbsp;&nbsp;luaO_tostring
<LI><a href="#[1f6]">&gt;&gt;</a>&nbsp;&nbsp;&nbsp;l_str2d
</UL>

<P><STRONG><a name="[16f]"></a>__aeabi_memcpy</STRONG> (Thumb, 36 bytes, Stack size 0 bytes, memcpya.o(.text))
<BR><BR>[Called By]<UL><LI><a href="#[d0]">&gt;&gt;</a>&nbsp;&nbsp;&nbsp;luaS_newlstr
<LI><a href="#[1cb]">&gt;&gt;</a>&nbsp;&nbsp;&nbsp;luaO_chunkid
<LI><a href="#[1e9]">&gt;&gt;</a>&nbsp;&nbsp;&nbsp;internshrstr
<LI><a href="#[16e]">&gt;&gt;</a>&nbsp;&nbsp;&nbsp;copy2buff
<LI><a href="#[c0]">&gt;&gt;</a>&nbsp;&nbsp;&nbsp;luaZ_read
</UL>

<P><STRONG><a name="[263]"></a>__aeabi_memcpy4</STRONG> (Thumb, 0 bytes, Stack size 0 bytes, memcpya.o(.text))
<BR><BR>[Called By]<UL><LI><a href="#[26c]">&gt;&gt;</a>&nbsp;&nbsp;&nbsp;luaK_posfix
<LI><a href="#[260]">&gt;&gt;</a>&nbsp;&nbsp;&nbsp;luaH_newkey
</UL>

<P><STRONG><a name="[2df]"></a>__aeabi_memcpy8</STRONG> (Thumb, 0 bytes, Stack size 0 bytes, memcpya.o(.text), UNUSED)

<P><STRONG><a name="[137]"></a>strchr</STRONG> (Thumb, 20 bytes, Stack size 0 bytes, strchr.o(.text))
<BR><BR>[Called By]<UL><LI><a href="#[270]">&gt;&gt;</a>&nbsp;&nbsp;&nbsp;lua_getinfo
<LI><a href="#[256]">&gt;&gt;</a>&nbsp;&nbsp;&nbsp;luaO_pushvfstring
<LI><a href="#[1cb]">&gt;&gt;</a>&nbsp;&nbsp;&nbsp;luaO_chunkid
<LI><a href="#[2b4]">&gt;&gt;</a>&nbsp;&nbsp;&nbsp;traversetable
<LI><a href="#[136]">&gt;&gt;</a>&nbsp;&nbsp;&nbsp;checkmode
<LI><a href="#[1f6]">&gt;&gt;</a>&nbsp;&nbsp;&nbsp;l_str2d
</UL>

<P><STRONG><a name="[134]"></a>strlen</STRONG> (Thumb, 14 bytes, Stack size 0 bytes, strlen.o(.text))
<BR><BR>[Called By]<UL><LI><a href="#[279]">&gt;&gt;</a>&nbsp;&nbsp;&nbsp;luaL_loadstring
<LI><a href="#[21a]">&gt;&gt;</a>&nbsp;&nbsp;&nbsp;luaL_optlstring
<LI><a href="#[10b]">&gt;&gt;</a>&nbsp;&nbsp;&nbsp;luaS_new
<LI><a href="#[256]">&gt;&gt;</a>&nbsp;&nbsp;&nbsp;luaO_pushvfstring
<LI><a href="#[1cb]">&gt;&gt;</a>&nbsp;&nbsp;&nbsp;luaO_chunkid
<LI><a href="#[1f6]">&gt;&gt;</a>&nbsp;&nbsp;&nbsp;l_str2d
<LI><a href="#[1fe]">&gt;&gt;</a>&nbsp;&nbsp;&nbsp;l_strcmp
<LI><a href="#[129]">&gt;&gt;</a>&nbsp;&nbsp;&nbsp;checkliteral
</UL>

<P><STRONG><a name="[90]"></a>strcmp</STRONG> (Thumb, 28 bytes, Stack size 8 bytes, strcmp.o(.text))
<BR><BR>[Stack]<UL><LI>Max Depth = 8<LI>Call Chain = strcmp
</UL>
<BR>[Called By]<UL><LI><a href="#[216]">&gt;&gt;</a>&nbsp;&nbsp;&nbsp;luaL_checkoption
<LI><a href="#[1ed]">&gt;&gt;</a>&nbsp;&nbsp;&nbsp;luaL_argerror
<LI><a href="#[10b]">&gt;&gt;</a>&nbsp;&nbsp;&nbsp;luaS_new
<LI><a href="#[254]">&gt;&gt;</a>&nbsp;&nbsp;&nbsp;luaG_ordererror
<LI><a href="#[1cf]">&gt;&gt;</a>&nbsp;&nbsp;&nbsp;getobjname
<LI><a href="#[8f]">&gt;&gt;</a>&nbsp;&nbsp;&nbsp;strcoll
</UL>

<P><STRONG><a name="[135]"></a>memcmp</STRONG> (Thumb, 26 bytes, Stack size 12 bytes, memcmp.o(.text))
<BR><BR>[Stack]<UL><LI>Max Depth = 12<LI>Call Chain = memcmp
</UL>
<BR>[Called By]<UL><LI><a href="#[289]">&gt;&gt;</a>&nbsp;&nbsp;&nbsp;luaS_eqlngstr
<LI><a href="#[1e9]">&gt;&gt;</a>&nbsp;&nbsp;&nbsp;internshrstr
<LI><a href="#[129]">&gt;&gt;</a>&nbsp;&nbsp;&nbsp;checkliteral
</UL>

<P><STRONG><a name="[8f]"></a>strcoll</STRONG> (Thumb, 4 bytes, Stack size 0 bytes, strcoll.o(.text))
<BR><BR>[Stack]<UL><LI>Max Depth = 8<LI>Call Chain = strcoll &rArr; strcmp
</UL>
<BR>[Calls]<UL><LI><a href="#[90]">&gt;&gt;</a>&nbsp;&nbsp;&nbsp;strcmp
</UL>
<BR>[Called By]<UL><LI><a href="#[1fe]">&gt;&gt;</a>&nbsp;&nbsp;&nbsp;l_strcmp
</UL>

<P><STRONG><a name="[1f9]"></a>strcpy</STRONG> (Thumb, 18 bytes, Stack size 0 bytes, strcpy.o(.text))
<BR><BR>[Called By]<UL><LI><a href="#[1f6]">&gt;&gt;</a>&nbsp;&nbsp;&nbsp;l_str2d
</UL>

<P><STRONG><a name="[2b9]"></a>strncmp</STRONG> (Thumb, 30 bytes, Stack size 12 bytes, strncmp.o(.text))
<BR><BR>[Stack]<UL><LI>Max Depth = 12<LI>Call Chain = strncmp
</UL>
<BR>[Called By]<UL><LI><a href="#[271]">&gt;&gt;</a>&nbsp;&nbsp;&nbsp;pushglobalfuncname
</UL>

<P><STRONG><a name="[112]"></a>strspn</STRONG> (Thumb, 28 bytes, Stack size 12 bytes, strspn.o(.text))
<BR><BR>[Stack]<UL><LI>Max Depth = 12<LI>Call Chain = strspn
</UL>
<BR>[Called By]<UL><LI><a href="#[111]">&gt;&gt;</a>&nbsp;&nbsp;&nbsp;b_str2int
<LI><a href="#[284]">&gt;&gt;</a>&nbsp;&nbsp;&nbsp;luaO_tostring
</UL>

<P><STRONG><a name="[1f7]"></a>strpbrk</STRONG> (Thumb, 32 bytes, Stack size 8 bytes, strpbrk.o(.text))
<BR><BR>[Stack]<UL><LI>Max Depth = 8<LI>Call Chain = strpbrk
</UL>
<BR>[Called By]<UL><LI><a href="#[1f6]">&gt;&gt;</a>&nbsp;&nbsp;&nbsp;l_str2d
</UL>

<P><STRONG><a name="[183]"></a>strerror</STRONG> (Thumb, 40 bytes, Stack size 0 bytes, strerror.o(.text))
<BR><BR>[Called By]<UL><LI><a href="#[181]">&gt;&gt;</a>&nbsp;&nbsp;&nbsp;errfile
</UL>

<P><STRONG><a name="[91]"></a>__aeabi_dadd</STRONG> (Thumb, 322 bytes, Stack size 48 bytes, dadd.o(.text))
<BR><BR>[Stack]<UL><LI>Max Depth = 88<LI>Call Chain = __aeabi_dadd &rArr; _double_epilogue &rArr; _double_round
</UL>
<BR>[Calls]<UL><LI><a href="#[92]">&gt;&gt;</a>&nbsp;&nbsp;&nbsp;__aeabi_llsl
<LI><a href="#[93]">&gt;&gt;</a>&nbsp;&nbsp;&nbsp;__aeabi_lasr
<LI><a href="#[95]">&gt;&gt;</a>&nbsp;&nbsp;&nbsp;_double_round
<LI><a href="#[94]">&gt;&gt;</a>&nbsp;&nbsp;&nbsp;_double_epilogue
</UL>
<BR>[Called By]<UL><LI><a href="#[73]">&gt;&gt;</a>&nbsp;&nbsp;&nbsp;luaB_collectgarbage
<LI><a href="#[1b6]">&gt;&gt;</a>&nbsp;&nbsp;&nbsp;luaV_tointeger
<LI><a href="#[23c]">&gt;&gt;</a>&nbsp;&nbsp;&nbsp;luaV_execute
<LI><a href="#[281]">&gt;&gt;</a>&nbsp;&nbsp;&nbsp;numarith
<LI><a href="#[96]">&gt;&gt;</a>&nbsp;&nbsp;&nbsp;__aeabi_dsub
<LI><a href="#[1b1]">&gt;&gt;</a>&nbsp;&nbsp;&nbsp;floor
<LI><a href="#[97]">&gt;&gt;</a>&nbsp;&nbsp;&nbsp;__aeabi_drsub
<LI><a href="#[df]">&gt;&gt;</a>&nbsp;&nbsp;&nbsp;_fp_digits
<LI><a href="#[290]">&gt;&gt;</a>&nbsp;&nbsp;&nbsp;pow
<LI><a href="#[d8]">&gt;&gt;</a>&nbsp;&nbsp;&nbsp;__kernel_poly
<LI><a href="#[da]">&gt;&gt;</a>&nbsp;&nbsp;&nbsp;__mathlib_dbl_infnan2
</UL>

<P><STRONG><a name="[96]"></a>__aeabi_dsub</STRONG> (Thumb, 6 bytes, Stack size 0 bytes, dadd.o(.text))
<BR><BR>[Stack]<UL><LI>Max Depth = 88<LI>Call Chain = __aeabi_dsub &rArr; __aeabi_dadd &rArr; _double_epilogue &rArr; _double_round
</UL>
<BR>[Calls]<UL><LI><a href="#[91]">&gt;&gt;</a>&nbsp;&nbsp;&nbsp;__aeabi_dadd
</UL>
<BR>[Called By]<UL><LI><a href="#[23c]">&gt;&gt;</a>&nbsp;&nbsp;&nbsp;luaV_execute
<LI><a href="#[281]">&gt;&gt;</a>&nbsp;&nbsp;&nbsp;numarith
<LI><a href="#[290]">&gt;&gt;</a>&nbsp;&nbsp;&nbsp;pow
</UL>

<P><STRONG><a name="[97]"></a>__aeabi_drsub</STRONG> (Thumb, 6 bytes, Stack size 0 bytes, dadd.o(.text))
<BR><BR>[Stack]<UL><LI>Max Depth = 88<LI>Call Chain = __aeabi_drsub &rArr; __aeabi_dadd &rArr; _double_epilogue &rArr; _double_round
</UL>
<BR>[Calls]<UL><LI><a href="#[91]">&gt;&gt;</a>&nbsp;&nbsp;&nbsp;__aeabi_dadd
</UL>
<BR>[Called By]<UL><LI><a href="#[1b2]">&gt;&gt;</a>&nbsp;&nbsp;&nbsp;fmod
<LI><a href="#[1b1]">&gt;&gt;</a>&nbsp;&nbsp;&nbsp;floor
<LI><a href="#[290]">&gt;&gt;</a>&nbsp;&nbsp;&nbsp;pow
</UL>

<P><STRONG><a name="[98]"></a>__aeabi_dmul</STRONG> (Thumb, 228 bytes, Stack size 48 bytes, dmul.o(.text))
<BR><BR>[Stack]<UL><LI>Max Depth = 88<LI>Call Chain = __aeabi_dmul &rArr; _double_epilogue &rArr; _double_round
</UL>
<BR>[Calls]<UL><LI><a href="#[94]">&gt;&gt;</a>&nbsp;&nbsp;&nbsp;_double_epilogue
</UL>
<BR>[Called By]<UL><LI><a href="#[23c]">&gt;&gt;</a>&nbsp;&nbsp;&nbsp;luaV_execute
<LI><a href="#[281]">&gt;&gt;</a>&nbsp;&nbsp;&nbsp;numarith
<LI><a href="#[1f5]">&gt;&gt;</a>&nbsp;&nbsp;&nbsp;l_hashfloat
<LI><a href="#[df]">&gt;&gt;</a>&nbsp;&nbsp;&nbsp;_fp_digits
<LI><a href="#[290]">&gt;&gt;</a>&nbsp;&nbsp;&nbsp;pow
<LI><a href="#[a7]">&gt;&gt;</a>&nbsp;&nbsp;&nbsp;_fp_value
<LI><a href="#[d8]">&gt;&gt;</a>&nbsp;&nbsp;&nbsp;__kernel_poly
</UL>

<P><STRONG><a name="[99]"></a>__aeabi_ddiv</STRONG> (Thumb, 222 bytes, Stack size 32 bytes, ddiv.o(.text))
<BR><BR>[Stack]<UL><LI>Max Depth = 40<LI>Call Chain = __aeabi_ddiv &rArr; _double_round
</UL>
<BR>[Calls]<UL><LI><a href="#[95]">&gt;&gt;</a>&nbsp;&nbsp;&nbsp;_double_round
</UL>
<BR>[Called By]<UL><LI><a href="#[73]">&gt;&gt;</a>&nbsp;&nbsp;&nbsp;luaB_collectgarbage
<LI><a href="#[23c]">&gt;&gt;</a>&nbsp;&nbsp;&nbsp;luaV_execute
<LI><a href="#[281]">&gt;&gt;</a>&nbsp;&nbsp;&nbsp;numarith
<LI><a href="#[df]">&gt;&gt;</a>&nbsp;&nbsp;&nbsp;_fp_digits
<LI><a href="#[290]">&gt;&gt;</a>&nbsp;&nbsp;&nbsp;pow
<LI><a href="#[a7]">&gt;&gt;</a>&nbsp;&nbsp;&nbsp;_fp_value
<LI><a href="#[db]">&gt;&gt;</a>&nbsp;&nbsp;&nbsp;__mathlib_dbl_invalid
<LI><a href="#[d9]">&gt;&gt;</a>&nbsp;&nbsp;&nbsp;__mathlib_dbl_divzero
</UL>

<P><STRONG><a name="[9a]"></a>__aeabi_i2d</STRONG> (Thumb, 34 bytes, Stack size 16 bytes, dflti.o(.text))
<BR><BR>[Stack]<UL><LI>Max Depth = 56<LI>Call Chain = __aeabi_i2d &rArr; _double_epilogue &rArr; _double_round
</UL>
<BR>[Calls]<UL><LI><a href="#[94]">&gt;&gt;</a>&nbsp;&nbsp;&nbsp;_double_epilogue
</UL>
<BR>[Called By]<UL><LI><a href="#[73]">&gt;&gt;</a>&nbsp;&nbsp;&nbsp;luaB_collectgarbage
<LI><a href="#[290]">&gt;&gt;</a>&nbsp;&nbsp;&nbsp;pow
</UL>

<P><STRONG><a name="[9b]"></a>__aeabi_l2d</STRONG> (Thumb, 40 bytes, Stack size 24 bytes, dfltl.o(.text))
<BR><BR>[Stack]<UL><LI>Max Depth = 64<LI>Call Chain = __aeabi_l2d &rArr; _double_epilogue &rArr; _double_round
</UL>
<BR>[Calls]<UL><LI><a href="#[94]">&gt;&gt;</a>&nbsp;&nbsp;&nbsp;_double_epilogue
</UL>
<BR>[Called By]<UL><LI><a href="#[1b7]">&gt;&gt;</a>&nbsp;&nbsp;&nbsp;luaV_tonumber_
<LI><a href="#[167]">&gt;&gt;</a>&nbsp;&nbsp;&nbsp;validop
<LI><a href="#[bd]">&gt;&gt;</a>&nbsp;&nbsp;&nbsp;LTintfloat
<LI><a href="#[b8]">&gt;&gt;</a>&nbsp;&nbsp;&nbsp;LEintfloat
</UL>

<P><STRONG><a name="[9c]"></a>__aeabi_d2lz</STRONG> (Thumb, 74 bytes, Stack size 16 bytes, dfixl.o(.text))
<BR><BR>[Stack]<UL><LI>Max Depth = 16<LI>Call Chain = __aeabi_d2lz
</UL>
<BR>[Calls]<UL><LI><a href="#[9d]">&gt;&gt;</a>&nbsp;&nbsp;&nbsp;__aeabi_llsr
<LI><a href="#[92]">&gt;&gt;</a>&nbsp;&nbsp;&nbsp;__aeabi_llsl
</UL>
<BR>[Called By]<UL><LI><a href="#[1b6]">&gt;&gt;</a>&nbsp;&nbsp;&nbsp;luaV_tointeger
<LI><a href="#[bd]">&gt;&gt;</a>&nbsp;&nbsp;&nbsp;LTintfloat
<LI><a href="#[b8]">&gt;&gt;</a>&nbsp;&nbsp;&nbsp;LEintfloat
<LI><a href="#[1f5]">&gt;&gt;</a>&nbsp;&nbsp;&nbsp;l_hashfloat
</UL>

<P><STRONG><a name="[bc]"></a>__aeabi_cdcmpeq</STRONG> (Thumb, 0 bytes, Stack size 0 bytes, cdcmple.o(.text))
<BR><BR>[Called By]<UL><LI><a href="#[1b6]">&gt;&gt;</a>&nbsp;&nbsp;&nbsp;luaV_tointeger
<LI><a href="#[e5]">&gt;&gt;</a>&nbsp;&nbsp;&nbsp;luaV_equalobj
<LI><a href="#[167]">&gt;&gt;</a>&nbsp;&nbsp;&nbsp;validop
<LI><a href="#[165]">&gt;&gt;</a>&nbsp;&nbsp;&nbsp;constfolding
<LI><a href="#[be]">&gt;&gt;</a>&nbsp;&nbsp;&nbsp;LTnum
<LI><a href="#[bb]">&gt;&gt;</a>&nbsp;&nbsp;&nbsp;LEnum
<LI><a href="#[128]">&gt;&gt;</a>&nbsp;&nbsp;&nbsp;checkHeader
<LI><a href="#[260]">&gt;&gt;</a>&nbsp;&nbsp;&nbsp;luaH_newkey
</UL>

<P><STRONG><a name="[ba]"></a>__aeabi_cdcmple</STRONG> (Thumb, 48 bytes, Stack size 0 bytes, cdcmple.o(.text))
<BR><BR>[Called By]<UL><LI><a href="#[1b6]">&gt;&gt;</a>&nbsp;&nbsp;&nbsp;luaV_tointeger
<LI><a href="#[23c]">&gt;&gt;</a>&nbsp;&nbsp;&nbsp;luaV_execute
<LI><a href="#[281]">&gt;&gt;</a>&nbsp;&nbsp;&nbsp;numarith
<LI><a href="#[1b5]">&gt;&gt;</a>&nbsp;&nbsp;&nbsp;forlimit
<LI><a href="#[be]">&gt;&gt;</a>&nbsp;&nbsp;&nbsp;LTnum
<LI><a href="#[bd]">&gt;&gt;</a>&nbsp;&nbsp;&nbsp;LTintfloat
<LI><a href="#[bb]">&gt;&gt;</a>&nbsp;&nbsp;&nbsp;LEnum
<LI><a href="#[b8]">&gt;&gt;</a>&nbsp;&nbsp;&nbsp;LEintfloat
<LI><a href="#[1f5]">&gt;&gt;</a>&nbsp;&nbsp;&nbsp;l_hashfloat
</UL>

<P><STRONG><a name="[b9]"></a>__aeabi_cdrcmple</STRONG> (Thumb, 48 bytes, Stack size 0 bytes, cdrcmple.o(.text))
<BR><BR>[Called By]<UL><LI><a href="#[1b6]">&gt;&gt;</a>&nbsp;&nbsp;&nbsp;luaV_tointeger
<LI><a href="#[1b1]">&gt;&gt;</a>&nbsp;&nbsp;&nbsp;floor
<LI><a href="#[bd]">&gt;&gt;</a>&nbsp;&nbsp;&nbsp;LTintfloat
<LI><a href="#[b8]">&gt;&gt;</a>&nbsp;&nbsp;&nbsp;LEintfloat
<LI><a href="#[1f5]">&gt;&gt;</a>&nbsp;&nbsp;&nbsp;l_hashfloat
<LI><a href="#[df]">&gt;&gt;</a>&nbsp;&nbsp;&nbsp;_fp_digits
<LI><a href="#[290]">&gt;&gt;</a>&nbsp;&nbsp;&nbsp;pow
</UL>

<P><STRONG><a name="[9e]"></a>__aeabi_d2f</STRONG> (Thumb, 56 bytes, Stack size 8 bytes, d2f.o(.text), UNUSED)
<BR><BR>[Calls]<UL><LI><a href="#[9f]">&gt;&gt;</a>&nbsp;&nbsp;&nbsp;_float_round
</UL>
<BR>[Called By]<UL><LI><a href="#[a9]">&gt;&gt;</a>&nbsp;&nbsp;&nbsp;_scanf_really_real
</UL>

<P><STRONG><a name="[248]"></a>setjmp</STRONG> (Thumb, 26 bytes, Stack size 8 bytes, setjmp.o(.text))
<BR><BR>[Stack]<UL><LI>Max Depth = 8<LI>Call Chain = setjmp
</UL>
<BR>[Called By]<UL><LI><a href="#[23f]">&gt;&gt;</a>&nbsp;&nbsp;&nbsp;luaD_rawrunprotected
</UL>

<P><STRONG><a name="[24c]"></a>longjmp</STRONG> (Thumb, 36 bytes, Stack size 0 bytes, setjmp.o(.text))
<BR><BR>[Called By]<UL><LI><a href="#[b0]">&gt;&gt;</a>&nbsp;&nbsp;&nbsp;luaD_throw
</UL>

<P><STRONG><a name="[2e0]"></a>__aeabi_uidiv</STRONG> (Thumb, 0 bytes, Stack size 12 bytes, uidiv.o(.text), UNUSED)

<P><STRONG><a name="[e2]"></a>__aeabi_uidivmod</STRONG> (Thumb, 44 bytes, Stack size 12 bytes, uidiv.o(.text), UNUSED)
<BR><BR>[Called By]<UL><LI><a href="#[d6]">&gt;&gt;</a>&nbsp;&nbsp;&nbsp;_printf_core
</UL>

<P><STRONG><a name="[2e1]"></a>__semihosting_library_function</STRONG> (Thumb, 0 bytes, Stack size 12 bytes, semi.o(.text), UNUSED)

<P><STRONG><a name="[8d]"></a>__aeabi_uldivmod</STRONG> (Thumb, 98 bytes, Stack size 40 bytes, uldiv.o(.text))
<BR><BR>[Stack]<UL><LI>Max Depth = 40<LI>Call Chain = __aeabi_uldivmod
</UL>
<BR>[Calls]<UL><LI><a href="#[9d]">&gt;&gt;</a>&nbsp;&nbsp;&nbsp;__aeabi_llsr
<LI><a href="#[92]">&gt;&gt;</a>&nbsp;&nbsp;&nbsp;__aeabi_llsl
</UL>
<BR>[Called By]<UL><LI><a href="#[d6]">&gt;&gt;</a>&nbsp;&nbsp;&nbsp;_printf_core
<LI><a href="#[df]">&gt;&gt;</a>&nbsp;&nbsp;&nbsp;_fp_digits
<LI><a href="#[8c]">&gt;&gt;</a>&nbsp;&nbsp;&nbsp;__aeabi_ldivmod
</UL>

<P><STRONG><a name="[93]"></a>__aeabi_lasr</STRONG> (Thumb, 36 bytes, Stack size 0 bytes, llsshr.o(.text))
<BR><BR>[Called By]<UL><LI><a href="#[91]">&gt;&gt;</a>&nbsp;&nbsp;&nbsp;__aeabi_dadd
</UL>

<P><STRONG><a name="[2e2]"></a>_ll_sshift_r</STRONG> (Thumb, 0 bytes, Stack size 0 bytes, llsshr.o(.text), UNUSED)

<P><STRONG><a name="[a2]"></a>__strtod_int</STRONG> (Thumb, 88 bytes, Stack size 40 bytes, strtod.o(.text))
<BR><BR>[Stack]<UL><LI>Max Depth = 200<LI>Call Chain = __strtod_int &rArr; _local_sscanf &rArr; _scanf_real
</UL>
<BR>[Calls]<UL><LI><a href="#[a0]">&gt;&gt;</a>&nbsp;&nbsp;&nbsp;_local_sscanf
</UL>
<BR>[Called By]<UL><LI><a href="#[1fb]">&gt;&gt;</a>&nbsp;&nbsp;&nbsp;strtod
</UL>

<P><STRONG><a name="[2e3]"></a>__I$use$fp</STRONG> (Thumb, 0 bytes, Stack size 0 bytes, iusefp.o(.text), UNUSED)

<P><STRONG><a name="[2e4]"></a>__I$use$semihosting$fgetc</STRONG> (Thumb, 0 bytes, Stack size 0 bytes, iusesemig.o(.text), UNUSED)

<P><STRONG><a name="[9f]"></a>_float_round</STRONG> (Thumb, 18 bytes, Stack size 0 bytes, fepilogue.o(.text), UNUSED)
<BR><BR>[Called By]<UL><LI><a href="#[9e]">&gt;&gt;</a>&nbsp;&nbsp;&nbsp;__aeabi_d2f
</UL>

<P><STRONG><a name="[2e5]"></a>_float_epilogue</STRONG> (Thumb, 92 bytes, Stack size 4 bytes, fepilogue.o(.text), UNUSED)

<P><STRONG><a name="[95]"></a>_double_round</STRONG> (Thumb, 30 bytes, Stack size 8 bytes, depilogue.o(.text))
<BR><BR>[Stack]<UL><LI>Max Depth = 8<LI>Call Chain = _double_round
</UL>
<BR>[Called By]<UL><LI><a href="#[99]">&gt;&gt;</a>&nbsp;&nbsp;&nbsp;__aeabi_ddiv
<LI><a href="#[91]">&gt;&gt;</a>&nbsp;&nbsp;&nbsp;__aeabi_dadd
<LI><a href="#[a3]">&gt;&gt;</a>&nbsp;&nbsp;&nbsp;_dsqrt
<LI><a href="#[94]">&gt;&gt;</a>&nbsp;&nbsp;&nbsp;_double_epilogue
</UL>

<P><STRONG><a name="[94]"></a>_double_epilogue</STRONG> (Thumb, 156 bytes, Stack size 32 bytes, depilogue.o(.text))
<BR><BR>[Stack]<UL><LI>Max Depth = 40<LI>Call Chain = _double_epilogue &rArr; _double_round
</UL>
<BR>[Calls]<UL><LI><a href="#[9d]">&gt;&gt;</a>&nbsp;&nbsp;&nbsp;__aeabi_llsr
<LI><a href="#[92]">&gt;&gt;</a>&nbsp;&nbsp;&nbsp;__aeabi_llsl
<LI><a href="#[95]">&gt;&gt;</a>&nbsp;&nbsp;&nbsp;_double_round
</UL>
<BR>[Called By]<UL><LI><a href="#[9a]">&gt;&gt;</a>&nbsp;&nbsp;&nbsp;__aeabi_i2d
<LI><a href="#[91]">&gt;&gt;</a>&nbsp;&nbsp;&nbsp;__aeabi_dadd
<LI><a href="#[9b]">&gt;&gt;</a>&nbsp;&nbsp;&nbsp;__aeabi_l2d
<LI><a href="#[98]">&gt;&gt;</a>&nbsp;&nbsp;&nbsp;__aeabi_dmul
<LI><a href="#[a4]">&gt;&gt;</a>&nbsp;&nbsp;&nbsp;_drem
<LI><a href="#[a8]">&gt;&gt;</a>&nbsp;&nbsp;&nbsp;__aeabi_ul2d
</UL>

<P><STRONG><a name="[dd]"></a>__ARM_scalbn</STRONG> (Thumb, 46 bytes, Stack size 16 bytes, dscalb.o(.text))
<BR><BR>[Stack]<UL><LI>Max Depth = 16<LI>Call Chain = __ARM_scalbn
</UL>
<BR>[Called By]<UL><LI><a href="#[1c9]">&gt;&gt;</a>&nbsp;&nbsp;&nbsp;frexp
<LI><a href="#[290]">&gt;&gt;</a>&nbsp;&nbsp;&nbsp;pow
<LI><a href="#[de]">&gt;&gt;</a>&nbsp;&nbsp;&nbsp;__mathlib_dbl_underflow
<LI><a href="#[dc]">&gt;&gt;</a>&nbsp;&nbsp;&nbsp;__mathlib_dbl_overflow
</UL>

<P><STRONG><a name="[2e6]"></a>scalbn</STRONG> (Thumb, 0 bytes, Stack size 16 bytes, dscalb.o(.text), UNUSED)

<P><STRONG><a name="[a3]"></a>_dsqrt</STRONG> (Thumb, 162 bytes, Stack size 32 bytes, dsqrt.o(.text))
<BR><BR>[Stack]<UL><LI>Max Depth = 40<LI>Call Chain = _dsqrt &rArr; _double_round
</UL>
<BR>[Calls]<UL><LI><a href="#[9d]">&gt;&gt;</a>&nbsp;&nbsp;&nbsp;__aeabi_llsr
<LI><a href="#[95]">&gt;&gt;</a>&nbsp;&nbsp;&nbsp;_double_round
</UL>
<BR>[Called By]<UL><LI><a href="#[2b0]">&gt;&gt;</a>&nbsp;&nbsp;&nbsp;sqrt
</UL>

<P><STRONG><a name="[a4]"></a>_drem</STRONG> (Thumb, 134 bytes, Stack size 48 bytes, drem.o(.text))
<BR><BR>[Stack]<UL><LI>Max Depth = 88<LI>Call Chain = _drem &rArr; _double_epilogue &rArr; _double_round
</UL>
<BR>[Calls]<UL><LI><a href="#[94]">&gt;&gt;</a>&nbsp;&nbsp;&nbsp;_double_epilogue
</UL>
<BR>[Called By]<UL><LI><a href="#[1b2]">&gt;&gt;</a>&nbsp;&nbsp;&nbsp;fmod
</UL>

<P><STRONG><a name="[a5]"></a>__aeabi_d2ulz</STRONG> (Thumb, 48 bytes, Stack size 0 bytes, dfixul.o(.text), UNUSED)
<BR><BR>[Calls]<UL><LI><a href="#[9d]">&gt;&gt;</a>&nbsp;&nbsp;&nbsp;__aeabi_llsr
<LI><a href="#[92]">&gt;&gt;</a>&nbsp;&nbsp;&nbsp;__aeabi_llsl
</UL>
<BR>[Called By]<UL><LI><a href="#[df]">&gt;&gt;</a>&nbsp;&nbsp;&nbsp;_fp_digits
</UL>

<P><STRONG><a name="[8b]"></a>__scatterload</STRONG> (Thumb, 28 bytes, Stack size 0 bytes, init.o(.text))
<BR><BR>[Calls]<UL><LI><a href="#[a6]">&gt;&gt;</a>&nbsp;&nbsp;&nbsp;__main_after_scatterload
</UL>
<BR>[Called By]<UL><LI><a href="#[8a]">&gt;&gt;</a>&nbsp;&nbsp;&nbsp;_main_scatterload
</UL>

<P><STRONG><a name="[2e7]"></a>__scatterload_rt2</STRONG> (Thumb, 0 bytes, Stack size 0 bytes, init.o(.text), UNUSED)

<P><STRONG><a name="[a1]"></a>_scanf_real</STRONG> (Thumb, 0 bytes, Stack size 104 bytes, scanf_fp.o(.text))
<BR><BR>[Stack]<UL><LI>Max Depth = 104<LI>Call Chain = _scanf_real
</UL>
<BR>[Called By]<UL><LI><a href="#[a0]">&gt;&gt;</a>&nbsp;&nbsp;&nbsp;_local_sscanf
</UL>

<P><STRONG><a name="[a9]"></a>_scanf_really_real</STRONG> (Thumb, 556 bytes, Stack size 104 bytes, scanf_fp.o(.text), UNUSED)
<BR><BR>[Calls]<UL><LI><a href="#[9e]">&gt;&gt;</a>&nbsp;&nbsp;&nbsp;__aeabi_d2f
<LI><a href="#[aa]">&gt;&gt;</a>&nbsp;&nbsp;&nbsp;_is_digit
<LI><a href="#[a7]">&gt;&gt;</a>&nbsp;&nbsp;&nbsp;_fp_value
</UL>

<P><STRONG><a name="[5b]"></a>_sgetc</STRONG> (Thumb, 30 bytes, Stack size 0 bytes, _sgetc.o(.text))
<BR>[Address Reference Count : 1]<UL><LI> strtod.o(.text)
</UL>
<P><STRONG><a name="[5c]"></a>_sbackspace</STRONG> (Thumb, 34 bytes, Stack size 0 bytes, _sgetc.o(.text))
<BR>[Address Reference Count : 1]<UL><LI> strtod.o(.text)
</UL>
<P><STRONG><a name="[a8]"></a>__aeabi_ul2d</STRONG> (Thumb, 24 bytes, Stack size 16 bytes, dfltul.o(.text), UNUSED)
<BR><BR>[Calls]<UL><LI><a href="#[94]">&gt;&gt;</a>&nbsp;&nbsp;&nbsp;_double_epilogue
</UL>
<BR>[Called By]<UL><LI><a href="#[a7]">&gt;&gt;</a>&nbsp;&nbsp;&nbsp;_fp_value
</UL>

<P><STRONG><a name="[16]"></a>BusFault_Handler</STRONG> (Thumb, 4 bytes, Stack size 0 bytes, stm32f10x_it.o(i.BusFault_Handler))
<BR>[Address Reference Count : 1]<UL><LI> startup_stm32f10x_hd.o(RESET)
</UL>
<P><STRONG><a name="[19]"></a>DebugMon_Handler</STRONG> (Thumb, 2 bytes, Stack size 0 bytes, stm32f10x_it.o(i.DebugMon_Handler))
<BR>[Address Reference Count : 1]<UL><LI> startup_stm32f10x_hd.o(RESET)
</UL>
<P><STRONG><a name="[b7]"></a>GPIO_Init</STRONG> (Thumb, 278 bytes, Stack size 24 bytes, stm32f10x_gpio.o(i.GPIO_Init))
<BR><BR>[Stack]<UL><LI>Max Depth = 24<LI>Call Chain = GPIO_Init
</UL>
<BR>[Called By]<UL><LI><a href="#[b5]">&gt;&gt;</a>&nbsp;&nbsp;&nbsp;InitUsartGpio
<LI><a href="#[205]">&gt;&gt;</a>&nbsp;&nbsp;&nbsp;leddemo_main
</UL>

<P><STRONG><a name="[29c]"></a>GPIO_ResetBits</STRONG> (Thumb, 4 bytes, Stack size 0 bytes, stm32f10x_gpio.o(i.GPIO_ResetBits))
<BR><BR>[Called By]<UL><LI><a href="#[58]">&gt;&gt;</a>&nbsp;&nbsp;&nbsp;main
<LI><a href="#[6f]">&gt;&gt;</a>&nbsp;&nbsp;&nbsp;lua_led_on
</UL>

<P><STRONG><a name="[206]"></a>GPIO_SetBits</STRONG> (Thumb, 4 bytes, Stack size 0 bytes, stm32f10x_gpio.o(i.GPIO_SetBits))
<BR><BR>[Called By]<UL><LI><a href="#[205]">&gt;&gt;</a>&nbsp;&nbsp;&nbsp;leddemo_main
<LI><a href="#[58]">&gt;&gt;</a>&nbsp;&nbsp;&nbsp;main
<LI><a href="#[70]">&gt;&gt;</a>&nbsp;&nbsp;&nbsp;lua_led_off
</UL>

<P><STRONG><a name="[14]"></a>HardFault_Handler</STRONG> (Thumb, 4 bytes, Stack size 0 bytes, stm32f10x_it.o(i.HardFault_Handler))
<BR>[Address Reference Count : 1]<UL><LI> startup_stm32f10x_hd.o(RESET)
</UL>
<P><STRONG><a name="[b1]"></a>InitUsart</STRONG> (Thumb, 62 bytes, Stack size 24 bytes, usartdemo.o(i.InitUsart))
<BR><BR>[Stack]<UL><LI>Max Depth = 92<LI>Call Chain = InitUsart &rArr; USART_Init &rArr; RCC_GetClocksFreq
</UL>
<BR>[Calls]<UL><LI><a href="#[b2]">&gt;&gt;</a>&nbsp;&nbsp;&nbsp;USART_Init
<LI><a href="#[b4]">&gt;&gt;</a>&nbsp;&nbsp;&nbsp;USART_ITConfig
<LI><a href="#[b3]">&gt;&gt;</a>&nbsp;&nbsp;&nbsp;USART_Cmd
</UL>
<BR>[Called By]<UL><LI><a href="#[2a4]">&gt;&gt;</a>&nbsp;&nbsp;&nbsp;usartdemo_main
</UL>

<P><STRONG><a name="[b5]"></a>InitUsartGpio</STRONG> (Thumb, 76 bytes, Stack size 16 bytes, usartdemo.o(i.InitUsartGpio))
<BR><BR>[Stack]<UL><LI>Max Depth = 40<LI>Call Chain = InitUsartGpio &rArr; GPIO_Init
</UL>
<BR>[Calls]<UL><LI><a href="#[b6]">&gt;&gt;</a>&nbsp;&nbsp;&nbsp;RCC_APB2PeriphClockCmd
<LI><a href="#[b7]">&gt;&gt;</a>&nbsp;&nbsp;&nbsp;GPIO_Init
</UL>
<BR>[Called By]<UL><LI><a href="#[2a4]">&gt;&gt;</a>&nbsp;&nbsp;&nbsp;usartdemo_main
</UL>

<P><STRONG><a name="[207]"></a>LedDelay_ms</STRONG> (Thumb, 32 bytes, Stack size 0 bytes, leddemo.o(i.LedDelay_ms))
<BR><BR>[Called By]<UL><LI><a href="#[205]">&gt;&gt;</a>&nbsp;&nbsp;&nbsp;leddemo_main
</UL>

<P><STRONG><a name="[15]"></a>MemManage_Handler</STRONG> (Thumb, 4 bytes, Stack size 0 bytes, stm32f10x_it.o(i.MemManage_Handler))
<BR>[Address Reference Count : 1]<UL><LI> startup_stm32f10x_hd.o(RESET)
</UL>
<P><STRONG><a name="[13]"></a>NMI_Handler</STRONG> (Thumb, 2 bytes, Stack size 0 bytes, stm32f10x_it.o(i.NMI_Handler))
<BR>[Address Reference Count : 1]<UL><LI> startup_stm32f10x_hd.o(RESET)
</UL>
<P><STRONG><a name="[1a]"></a>PendSV_Handler</STRONG> (Thumb, 2 bytes, Stack size 0 bytes, stm32f10x_it.o(i.PendSV_Handler))
<BR>[Address Reference Count : 1]<UL><LI> startup_stm32f10x_hd.o(RESET)
</UL>
<P><STRONG><a name="[b6]"></a>RCC_APB2PeriphClockCmd</STRONG> (Thumb, 26 bytes, Stack size 0 bytes, stm32f10x_rcc.o(i.RCC_APB2PeriphClockCmd))
<BR><BR>[Called By]<UL><LI><a href="#[b5]">&gt;&gt;</a>&nbsp;&nbsp;&nbsp;InitUsartGpio
<LI><a href="#[205]">&gt;&gt;</a>&nbsp;&nbsp;&nbsp;leddemo_main
</UL>

<P><STRONG><a name="[d4]"></a>RCC_GetClocksFreq</STRONG> (Thumb, 192 bytes, Stack size 12 bytes, stm32f10x_rcc.o(i.RCC_GetClocksFreq))
<BR><BR>[Stack]<UL><LI>Max Depth = 12<LI>Call Chain = RCC_GetClocksFreq
</UL>
<BR>[Called By]<UL><LI><a href="#[b2]">&gt;&gt;</a>&nbsp;&nbsp;&nbsp;USART_Init
</UL>

<P><STRONG><a name="[18]"></a>SVC_Handler</STRONG> (Thumb, 2 bytes, Stack size 0 bytes, stm32f10x_it.o(i.SVC_Handler))
<BR>[Address Reference Count : 1]<UL><LI> startup_stm32f10x_hd.o(RESET)
</UL>
<P><STRONG><a name="[1b]"></a>SysTick_Handler</STRONG> (Thumb, 2 bytes, Stack size 0 bytes, stm32f10x_it.o(i.SysTick_Handler))
<BR>[Address Reference Count : 1]<UL><LI> startup_stm32f10x_hd.o(RESET)
</UL>
<P><STRONG><a name="[59]"></a>SystemInit</STRONG> (Thumb, 78 bytes, Stack size 8 bytes, system_stm32f10x.o(i.SystemInit))
<BR><BR>[Stack]<UL><LI>Max Depth = 28<LI>Call Chain = SystemInit &rArr; SetSysClock &rArr; SetSysClockTo72
</UL>
<BR>[Calls]<UL><LI><a href="#[d2]">&gt;&gt;</a>&nbsp;&nbsp;&nbsp;SetSysClock
</UL>
<BR>[Address Reference Count : 1]<UL><LI> startup_stm32f10x_hd.o(.text)
</UL>
<P><STRONG><a name="[b3]"></a>USART_Cmd</STRONG> (Thumb, 24 bytes, Stack size 0 bytes, stm32f10x_usart.o(i.USART_Cmd))
<BR><BR>[Called By]<UL><LI><a href="#[b1]">&gt;&gt;</a>&nbsp;&nbsp;&nbsp;InitUsart
</UL>

<P><STRONG><a name="[2d4]"></a>USART_GetFlagStatus</STRONG> (Thumb, 26 bytes, Stack size 0 bytes, stm32f10x_usart.o(i.USART_GetFlagStatus))
<BR><BR>[Called By]<UL><LI><a href="#[2a4]">&gt;&gt;</a>&nbsp;&nbsp;&nbsp;usartdemo_main
<LI><a href="#[1bd]">&gt;&gt;</a>&nbsp;&nbsp;&nbsp;usartdemo_Putchar
</UL>

<P><STRONG><a name="[b4]"></a>USART_ITConfig</STRONG> (Thumb, 74 bytes, Stack size 20 bytes, stm32f10x_usart.o(i.USART_ITConfig))
<BR><BR>[Stack]<UL><LI>Max Depth = 20<LI>Call Chain = USART_ITConfig
</UL>
<BR>[Called By]<UL><LI><a href="#[b1]">&gt;&gt;</a>&nbsp;&nbsp;&nbsp;InitUsart
</UL>

<P><STRONG><a name="[b2]"></a>USART_Init</STRONG> (Thumb, 210 bytes, Stack size 56 bytes, stm32f10x_usart.o(i.USART_Init))
<BR><BR>[Stack]<UL><LI>Max Depth = 68<LI>Call Chain = USART_Init &rArr; RCC_GetClocksFreq
</UL>
<BR>[Calls]<UL><LI><a href="#[d4]">&gt;&gt;</a>&nbsp;&nbsp;&nbsp;RCC_GetClocksFreq
</UL>
<BR>[Called By]<UL><LI><a href="#[b1]">&gt;&gt;</a>&nbsp;&nbsp;&nbsp;InitUsart
</UL>

<P><STRONG><a name="[2d3]"></a>USART_SendData</STRONG> (Thumb, 8 bytes, Stack size 0 bytes, stm32f10x_usart.o(i.USART_SendData))
<BR><BR>[Called By]<UL><LI><a href="#[2a4]">&gt;&gt;</a>&nbsp;&nbsp;&nbsp;usartdemo_main
<LI><a href="#[1bd]">&gt;&gt;</a>&nbsp;&nbsp;&nbsp;usartdemo_Putchar
</UL>

<P><STRONG><a name="[17]"></a>UsageFault_Handler</STRONG> (Thumb, 4 bytes, Stack size 0 bytes, stm32f10x_it.o(i.UsageFault_Handler))
<BR>[Address Reference Count : 1]<UL><LI> startup_stm32f10x_hd.o(RESET)
</UL>
<P><STRONG><a name="[d5]"></a>__0fprintf</STRONG> (Thumb, 22 bytes, Stack size 24 bytes, printfa.o(i.__0fprintf), UNUSED)
<BR><BR>[Calls]<UL><LI><a href="#[d6]">&gt;&gt;</a>&nbsp;&nbsp;&nbsp;_printf_core
</UL>

<P><STRONG><a name="[2e8]"></a>__1fprintf</STRONG> (Thumb, 0 bytes, Stack size 24 bytes, printfa.o(i.__0fprintf), UNUSED)

<P><STRONG><a name="[2ae]"></a>__2fprintf</STRONG> (Thumb, 0 bytes, Stack size 24 bytes, printfa.o(i.__0fprintf))
<BR><BR>[Stack]<UL><LI>Max Depth = 24<LI>Call Chain = __2fprintf
</UL>
<BR>[Called By]<UL><LI><a href="#[6a]">&gt;&gt;</a>&nbsp;&nbsp;&nbsp;panic
</UL>

<P><STRONG><a name="[2e9]"></a>__c89fprintf</STRONG> (Thumb, 0 bytes, Stack size 24 bytes, printfa.o(i.__0fprintf), UNUSED)

<P><STRONG><a name="[2ea]"></a>fprintf</STRONG> (Thumb, 0 bytes, Stack size 24 bytes, printfa.o(i.__0fprintf), UNUSED)

<P><STRONG><a name="[d7]"></a>__0snprintf</STRONG> (Thumb, 36 bytes, Stack size 32 bytes, printfa.o(i.__0snprintf), UNUSED)
<BR><BR>[Calls]<UL><LI><a href="#[d6]">&gt;&gt;</a>&nbsp;&nbsp;&nbsp;_printf_core
</UL>

<P><STRONG><a name="[2eb]"></a>__1snprintf</STRONG> (Thumb, 0 bytes, Stack size 32 bytes, printfa.o(i.__0snprintf), UNUSED)

<P><STRONG><a name="[285]"></a>__2snprintf</STRONG> (Thumb, 0 bytes, Stack size 32 bytes, printfa.o(i.__0snprintf))
<BR><BR>[Stack]<UL><LI>Max Depth = 32<LI>Call Chain = __2snprintf
</UL>
<BR>[Called By]<UL><LI><a href="#[284]">&gt;&gt;</a>&nbsp;&nbsp;&nbsp;luaO_tostring
<LI><a href="#[256]">&gt;&gt;</a>&nbsp;&nbsp;&nbsp;luaO_pushvfstring
</UL>

<P><STRONG><a name="[2ec]"></a>__c89snprintf</STRONG> (Thumb, 0 bytes, Stack size 32 bytes, printfa.o(i.__0snprintf), UNUSED)

<P><STRONG><a name="[2ed]"></a>snprintf</STRONG> (Thumb, 0 bytes, Stack size 32 bytes, printfa.o(i.__0snprintf), UNUSED)

<P><STRONG><a name="[2b1]"></a>__ARM_fpclassify</STRONG> (Thumb, 40 bytes, Stack size 0 bytes, fpclassify.o(i.__ARM_fpclassify))
<BR><BR>[Called By]<UL><LI><a href="#[290]">&gt;&gt;</a>&nbsp;&nbsp;&nbsp;pow
</UL>

<P><STRONG><a name="[182]"></a>__aeabi_errno_addr</STRONG> (Thumb, 4 bytes, Stack size 0 bytes, errno.o(i.__aeabi_errno_addr))
<BR><BR>[Called By]<UL><LI><a href="#[181]">&gt;&gt;</a>&nbsp;&nbsp;&nbsp;errfile
</UL>

<P><STRONG><a name="[2ee]"></a>__rt_errno_addr</STRONG> (Thumb, 0 bytes, Stack size 0 bytes, errno.o(i.__aeabi_errno_addr), UNUSED)

<P><STRONG><a name="[d8]"></a>__kernel_poly</STRONG> (Thumb, 170 bytes, Stack size 24 bytes, poly.o(i.__kernel_poly))
<BR><BR>[Stack]<UL><LI>Max Depth = 112<LI>Call Chain = __kernel_poly &rArr; __aeabi_dadd &rArr; _double_epilogue &rArr; _double_round
</UL>
<BR>[Calls]<UL><LI><a href="#[91]">&gt;&gt;</a>&nbsp;&nbsp;&nbsp;__aeabi_dadd
<LI><a href="#[98]">&gt;&gt;</a>&nbsp;&nbsp;&nbsp;__aeabi_dmul
</UL>
<BR>[Called By]<UL><LI><a href="#[290]">&gt;&gt;</a>&nbsp;&nbsp;&nbsp;pow
</UL>

<P><STRONG><a name="[d9]"></a>__mathlib_dbl_divzero</STRONG> (Thumb, 12 bytes, Stack size 0 bytes, dunder.o(i.__mathlib_dbl_divzero))
<BR><BR>[Stack]<UL><LI>Max Depth = 40<LI>Call Chain = __mathlib_dbl_divzero &rArr; __aeabi_ddiv &rArr; _double_round
</UL>
<BR>[Calls]<UL><LI><a href="#[99]">&gt;&gt;</a>&nbsp;&nbsp;&nbsp;__aeabi_ddiv
</UL>
<BR>[Called By]<UL><LI><a href="#[290]">&gt;&gt;</a>&nbsp;&nbsp;&nbsp;pow
</UL>

<P><STRONG><a name="[da]"></a>__mathlib_dbl_infnan2</STRONG> (Thumb, 4 bytes, Stack size 0 bytes, dunder.o(i.__mathlib_dbl_infnan2))
<BR><BR>[Stack]<UL><LI>Max Depth = 88<LI>Call Chain = __mathlib_dbl_infnan2 &rArr; __aeabi_dadd &rArr; _double_epilogue &rArr; _double_round
</UL>
<BR>[Calls]<UL><LI><a href="#[91]">&gt;&gt;</a>&nbsp;&nbsp;&nbsp;__aeabi_dadd
</UL>
<BR>[Called By]<UL><LI><a href="#[290]">&gt;&gt;</a>&nbsp;&nbsp;&nbsp;pow
</UL>

<P><STRONG><a name="[db]"></a>__mathlib_dbl_invalid</STRONG> (Thumb, 12 bytes, Stack size 0 bytes, dunder.o(i.__mathlib_dbl_invalid))
<BR><BR>[Stack]<UL><LI>Max Depth = 40<LI>Call Chain = __mathlib_dbl_invalid &rArr; __aeabi_ddiv &rArr; _double_round
</UL>
<BR>[Calls]<UL><LI><a href="#[99]">&gt;&gt;</a>&nbsp;&nbsp;&nbsp;__aeabi_ddiv
</UL>
<BR>[Called By]<UL><LI><a href="#[1b2]">&gt;&gt;</a>&nbsp;&nbsp;&nbsp;fmod
<LI><a href="#[290]">&gt;&gt;</a>&nbsp;&nbsp;&nbsp;pow
</UL>

<P><STRONG><a name="[dc]"></a>__mathlib_dbl_overflow</STRONG> (Thumb, 14 bytes, Stack size 0 bytes, dunder.o(i.__mathlib_dbl_overflow))
<BR><BR>[Stack]<UL><LI>Max Depth = 16<LI>Call Chain = __mathlib_dbl_overflow &rArr; __ARM_scalbn
</UL>
<BR>[Calls]<UL><LI><a href="#[dd]">&gt;&gt;</a>&nbsp;&nbsp;&nbsp;__ARM_scalbn
</UL>
<BR>[Called By]<UL><LI><a href="#[290]">&gt;&gt;</a>&nbsp;&nbsp;&nbsp;pow
</UL>

<P><STRONG><a name="[de]"></a>__mathlib_dbl_underflow</STRONG> (Thumb, 10 bytes, Stack size 0 bytes, dunder.o(i.__mathlib_dbl_underflow))
<BR><BR>[Stack]<UL><LI>Max Depth = 16<LI>Call Chain = __mathlib_dbl_underflow &rArr; __ARM_scalbn
</UL>
<BR>[Calls]<UL><LI><a href="#[dd]">&gt;&gt;</a>&nbsp;&nbsp;&nbsp;__ARM_scalbn
</UL>
<BR>[Called By]<UL><LI><a href="#[290]">&gt;&gt;</a>&nbsp;&nbsp;&nbsp;pow
</UL>

<P><STRONG><a name="[2ef]"></a>__scatterload_copy</STRONG> (Thumb, 14 bytes, Stack size unknown bytes, handlers.o(i.__scatterload_copy), UNUSED)

<P><STRONG><a name="[2f0]"></a>__scatterload_null</STRONG> (Thumb, 2 bytes, Stack size unknown bytes, handlers.o(i.__scatterload_null), UNUSED)

<P><STRONG><a name="[2f1]"></a>__scatterload_zeroinit</STRONG> (Thumb, 14 bytes, Stack size unknown bytes, handlers.o(i.__scatterload_zeroinit), UNUSED)

<P><STRONG><a name="[1b3]"></a>__set_errno</STRONG> (Thumb, 6 bytes, Stack size 0 bytes, errno.o(i.__set_errno))
<BR><BR>[Called By]<UL><LI><a href="#[1b2]">&gt;&gt;</a>&nbsp;&nbsp;&nbsp;fmod
<LI><a href="#[2b0]">&gt;&gt;</a>&nbsp;&nbsp;&nbsp;sqrt
<LI><a href="#[290]">&gt;&gt;</a>&nbsp;&nbsp;&nbsp;pow
</UL>

<P><STRONG><a name="[aa]"></a>_is_digit</STRONG> (Thumb, 14 bytes, Stack size 0 bytes, scanf_fp.o(i._is_digit), UNUSED)
<BR><BR>[Called By]<UL><LI><a href="#[a9]">&gt;&gt;</a>&nbsp;&nbsp;&nbsp;_scanf_really_real
</UL>

<P><STRONG><a name="[1b1]"></a>floor</STRONG> (Thumb, 204 bytes, Stack size 24 bytes, floor.o(i.floor))
<BR><BR>[Stack]<UL><LI>Max Depth = 112<LI>Call Chain = floor &rArr; __aeabi_dadd &rArr; _double_epilogue &rArr; _double_round
</UL>
<BR>[Calls]<UL><LI><a href="#[91]">&gt;&gt;</a>&nbsp;&nbsp;&nbsp;__aeabi_dadd
<LI><a href="#[b9]">&gt;&gt;</a>&nbsp;&nbsp;&nbsp;__aeabi_cdrcmple
<LI><a href="#[97]">&gt;&gt;</a>&nbsp;&nbsp;&nbsp;__aeabi_drsub
</UL>
<BR>[Called By]<UL><LI><a href="#[1b6]">&gt;&gt;</a>&nbsp;&nbsp;&nbsp;luaV_tointeger
<LI><a href="#[23c]">&gt;&gt;</a>&nbsp;&nbsp;&nbsp;luaV_execute
<LI><a href="#[281]">&gt;&gt;</a>&nbsp;&nbsp;&nbsp;numarith
</UL>

<P><STRONG><a name="[1b2]"></a>fmod</STRONG> (Thumb, 144 bytes, Stack size 16 bytes, fmod.o(i.fmod))
<BR><BR>[Stack]<UL><LI>Max Depth = 104<LI>Call Chain = fmod &rArr; _drem &rArr; _double_epilogue &rArr; _double_round
</UL>
<BR>[Calls]<UL><LI><a href="#[a4]">&gt;&gt;</a>&nbsp;&nbsp;&nbsp;_drem
<LI><a href="#[97]">&gt;&gt;</a>&nbsp;&nbsp;&nbsp;__aeabi_drsub
<LI><a href="#[db]">&gt;&gt;</a>&nbsp;&nbsp;&nbsp;__mathlib_dbl_invalid
<LI><a href="#[1b3]">&gt;&gt;</a>&nbsp;&nbsp;&nbsp;__set_errno
</UL>
<BR>[Called By]<UL><LI><a href="#[23c]">&gt;&gt;</a>&nbsp;&nbsp;&nbsp;luaV_execute
<LI><a href="#[281]">&gt;&gt;</a>&nbsp;&nbsp;&nbsp;numarith
</UL>

<P><STRONG><a name="[5f]"></a>fputc</STRONG> (Thumb, 16 bytes, Stack size 16 bytes, main.o(i.fputc))
<BR><BR>[Stack]<UL><LI>Max Depth = 24<LI>Call Chain = fputc &rArr; usartdemo_Putchar
</UL>
<BR>[Calls]<UL><LI><a href="#[1bd]">&gt;&gt;</a>&nbsp;&nbsp;&nbsp;usartdemo_Putchar
</UL>
<BR>[Called By]<UL><LI><a href="#[1d1]">&gt;&gt;</a>&nbsp;&nbsp;&nbsp;fwrite
</UL>
<BR>[Address Reference Count : 1]<UL><LI> printfa.o(i.__0fprintf)
</UL>
<P><STRONG><a name="[1be]"></a>fread</STRONG> (Thumb, 52 bytes, Stack size 32 bytes, fread.o(i.fread))
<BR><BR>[Stack]<UL><LI>Max Depth = 32<LI>Call Chain = fread
</UL>
<BR>[Calls]<UL><LI><a href="#[1bf]">&gt;&gt;</a>&nbsp;&nbsp;&nbsp;fgetc
</UL>
<BR>[Called By]<UL><LI><a href="#[68]">&gt;&gt;</a>&nbsp;&nbsp;&nbsp;getF
</UL>

<P><STRONG><a name="[1c9]"></a>frexp</STRONG> (Thumb, 80 bytes, Stack size 8 bytes, frexp.o(i.frexp))
<BR><BR>[Stack]<UL><LI>Max Depth = 24<LI>Call Chain = frexp &rArr; __ARM_scalbn
</UL>
<BR>[Calls]<UL><LI><a href="#[dd]">&gt;&gt;</a>&nbsp;&nbsp;&nbsp;__ARM_scalbn
</UL>
<BR>[Called By]<UL><LI><a href="#[1f5]">&gt;&gt;</a>&nbsp;&nbsp;&nbsp;l_hashfloat
</UL>

<P><STRONG><a name="[1d1]"></a>fwrite</STRONG> (Thumb, 36 bytes, Stack size 24 bytes, fwrite.o(i.fwrite))
<BR><BR>[Stack]<UL><LI>Max Depth = 48<LI>Call Chain = fwrite &rArr; fputc &rArr; usartdemo_Putchar
</UL>
<BR>[Calls]<UL><LI><a href="#[5f]">&gt;&gt;</a>&nbsp;&nbsp;&nbsp;fputc
</UL>
<BR>[Called By]<UL><LI><a href="#[7c]">&gt;&gt;</a>&nbsp;&nbsp;&nbsp;luaB_print
</UL>

<P><STRONG><a name="[1d7]"></a>getc</STRONG> (Thumb, 4 bytes, Stack size 0 bytes, getc.o(i.getc))
<BR><BR>[Calls]<UL><LI><a href="#[1bf]">&gt;&gt;</a>&nbsp;&nbsp;&nbsp;fgetc
</UL>
<BR>[Called By]<UL><LI><a href="#[278]">&gt;&gt;</a>&nbsp;&nbsp;&nbsp;skipcomment
<LI><a href="#[2cb]">&gt;&gt;</a>&nbsp;&nbsp;&nbsp;skipBOM
</UL>

<P><STRONG><a name="[205]"></a>leddemo_main</STRONG> (Thumb, 58 bytes, Stack size 8 bytes, leddemo.o(i.leddemo_main))
<BR><BR>[Stack]<UL><LI>Max Depth = 32<LI>Call Chain = leddemo_main &rArr; GPIO_Init
</UL>
<BR>[Calls]<UL><LI><a href="#[b6]">&gt;&gt;</a>&nbsp;&nbsp;&nbsp;RCC_APB2PeriphClockCmd
<LI><a href="#[b7]">&gt;&gt;</a>&nbsp;&nbsp;&nbsp;GPIO_Init
<LI><a href="#[207]">&gt;&gt;</a>&nbsp;&nbsp;&nbsp;LedDelay_ms
<LI><a href="#[206]">&gt;&gt;</a>&nbsp;&nbsp;&nbsp;GPIO_SetBits
</UL>
<BR>[Called By]<UL><LI><a href="#[58]">&gt;&gt;</a>&nbsp;&nbsp;&nbsp;main
</UL>

<P><STRONG><a name="[e7]"></a>luaC_barrier_</STRONG> (Thumb, 52 bytes, Stack size 24 bytes, lgc.o(i.luaC_barrier_))
<BR><BR>[Stack]<UL><LI>Max Depth = 56<LI>Call Chain = luaC_barrier_ &rArr; reallymarkobject &rArr;  reallymarkobject (Cycle)
</UL>
<BR>[Calls]<UL><LI><a href="#[fc]">&gt;&gt;</a>&nbsp;&nbsp;&nbsp;reallymarkobject
</UL>
<BR>[Called By]<UL><LI><a href="#[211]">&gt;&gt;</a>&nbsp;&nbsp;&nbsp;lua_setupvalue
<LI><a href="#[22a]">&gt;&gt;</a>&nbsp;&nbsp;&nbsp;lua_setmetatable
<LI><a href="#[1d6]">&gt;&gt;</a>&nbsp;&nbsp;&nbsp;lua_copy
<LI><a href="#[e3]">&gt;&gt;</a>&nbsp;&nbsp;&nbsp;addk
<LI><a href="#[2ac]">&gt;&gt;</a>&nbsp;&nbsp;&nbsp;registerlocalvar
<LI><a href="#[2a5]">&gt;&gt;</a>&nbsp;&nbsp;&nbsp;newupvalue
<LI><a href="#[e8]">&gt;&gt;</a>&nbsp;&nbsp;&nbsp;addprototype
</UL>

<P><STRONG><a name="[10f]"></a>luaC_barrierback_</STRONG> (Thumb, 18 bytes, Stack size 0 bytes, lgc.o(i.luaC_barrierback_))
<BR><BR>[Called By]<UL><LI><a href="#[10e]">&gt;&gt;</a>&nbsp;&nbsp;&nbsp;auxsetstr
<LI><a href="#[110]">&gt;&gt;</a>&nbsp;&nbsp;&nbsp;luaV_finishset
<LI><a href="#[229]">&gt;&gt;</a>&nbsp;&nbsp;&nbsp;lua_rawset
<LI><a href="#[23c]">&gt;&gt;</a>&nbsp;&nbsp;&nbsp;luaV_execute
<LI><a href="#[260]">&gt;&gt;</a>&nbsp;&nbsp;&nbsp;luaH_newkey
</UL>

<P><STRONG><a name="[22e]"></a>luaC_checkfinalizer</STRONG> (Thumb, 146 bytes, Stack size 24 bytes, lgc.o(i.luaC_checkfinalizer))
<BR><BR>[Stack]<UL><LI>Max Depth = 1840<LI>Call Chain = luaC_checkfinalizer &rArr; sweeptolive &rArr; sweeplist &rArr; freeobj &rArr; freeLclosure &rArr; luaC_upvdeccount &rArr; luaM_realloc_ &rArr; luaC_fullgc &rArr; luaC_runtilstate &rArr; singlestep &rArr; runafewfinalizers &rArr; GCTM &rArr; luaD_pcall &rArr; luaD_shrinkstack &rArr; luaD_reallocstack &rArr;  luaM_realloc_ (Cycle)
</UL>
<BR>[Calls]<UL><LI><a href="#[22f]">&gt;&gt;</a>&nbsp;&nbsp;&nbsp;luaT_gettm
<LI><a href="#[230]">&gt;&gt;</a>&nbsp;&nbsp;&nbsp;sweeptolive
</UL>
<BR>[Called By]<UL><LI><a href="#[22a]">&gt;&gt;</a>&nbsp;&nbsp;&nbsp;lua_setmetatable
</UL>

<P><STRONG><a name="[28b]"></a>luaC_fix</STRONG> (Thumb, 24 bytes, Stack size 0 bytes, lgc.o(i.luaC_fix))
<BR><BR>[Called By]<UL><LI><a href="#[195]">&gt;&gt;</a>&nbsp;&nbsp;&nbsp;luaX_init
<LI><a href="#[194]">&gt;&gt;</a>&nbsp;&nbsp;&nbsp;luaT_init
<LI><a href="#[193]">&gt;&gt;</a>&nbsp;&nbsp;&nbsp;luaS_init
</UL>

<P><STRONG><a name="[144]"></a>luaC_freeallobjects</STRONG> (Thumb, 74 bytes, Stack size 16 bytes, lgc.o(i.luaC_freeallobjects))
<BR><BR>[Stack]<UL><LI>Max Depth = 1816<LI>Call Chain = luaC_freeallobjects &rArr; sweeplist &rArr; freeobj &rArr; freeLclosure &rArr; luaC_upvdeccount &rArr; luaM_realloc_ &rArr; luaC_fullgc &rArr; luaC_runtilstate &rArr; singlestep &rArr; runafewfinalizers &rArr; GCTM &rArr; luaD_pcall &rArr; luaD_shrinkstack &rArr; luaD_reallocstack &rArr;  luaM_realloc_ (Cycle)
</UL>
<BR>[Calls]<UL><LI><a href="#[180]">&gt;&gt;</a>&nbsp;&nbsp;&nbsp;sweeplist
<LI><a href="#[102]">&gt;&gt;</a>&nbsp;&nbsp;&nbsp;separatetobefnz
<LI><a href="#[123]">&gt;&gt;</a>&nbsp;&nbsp;&nbsp;callallpendingfinalizers
</UL>
<BR>[Called By]<UL><LI><a href="#[142]">&gt;&gt;</a>&nbsp;&nbsp;&nbsp;close_state
</UL>

<P><STRONG><a name="[231]"></a>luaC_fullgc</STRONG> (Thumb, 78 bytes, Stack size 16 bytes, lgc.o(i.luaC_fullgc))
<BR><BR>[Stack]<UL><LI>Max Depth = 1672<LI>Call Chain = luaC_fullgc &rArr; luaC_runtilstate &rArr; singlestep &rArr; runafewfinalizers &rArr; GCTM &rArr; luaD_pcall &rArr; luaD_shrinkstack &rArr; luaD_reallocstack &rArr;  luaM_realloc_ (Cycle)
</UL>
<BR>[Calls]<UL><LI><a href="#[232]">&gt;&gt;</a>&nbsp;&nbsp;&nbsp;luaC_runtilstate
<LI><a href="#[233]">&gt;&gt;</a>&nbsp;&nbsp;&nbsp;setpause
<LI><a href="#[17f]">&gt;&gt;</a>&nbsp;&nbsp;&nbsp;entersweep
</UL>
<BR>[Called By]<UL><LI><a href="#[218]">&gt;&gt;</a>&nbsp;&nbsp;&nbsp;lua_gc
<LI><a href="#[c6]">&gt;&gt;</a>&nbsp;&nbsp;&nbsp;luaM_realloc_
</UL>

<P><STRONG><a name="[174]"></a>luaC_newobj</STRONG> (Thumb, 52 bytes, Stack size 24 bytes, lgc.o(i.luaC_newobj))
<BR><BR>[Stack]<UL><LI>Max Depth = 24 + In Cycle
<LI>Call Chain = luaC_newobj &rArr;  luaM_realloc_ (Cycle)
</UL>
<BR>[Calls]<UL><LI><a href="#[c6]">&gt;&gt;</a>&nbsp;&nbsp;&nbsp;luaM_realloc_
</UL>
<BR>[Called By]<UL><LI><a href="#[15f]">&gt;&gt;</a>&nbsp;&nbsp;&nbsp;luaH_new
<LI><a href="#[24e]">&gt;&gt;</a>&nbsp;&nbsp;&nbsp;luaF_newCclosure
<LI><a href="#[cf]">&gt;&gt;</a>&nbsp;&nbsp;&nbsp;luaF_newproto
<LI><a href="#[24f]">&gt;&gt;</a>&nbsp;&nbsp;&nbsp;luaF_newLclosure
<LI><a href="#[173]">&gt;&gt;</a>&nbsp;&nbsp;&nbsp;createstrobj
</UL>

<P><STRONG><a name="[232]"></a>luaC_runtilstate</STRONG> (Thumb, 32 bytes, Stack size 16 bytes, lgc.o(i.luaC_runtilstate))
<BR><BR>[Stack]<UL><LI>Max Depth = 1656<LI>Call Chain = luaC_runtilstate &rArr; singlestep &rArr; runafewfinalizers &rArr; GCTM &rArr; luaD_pcall &rArr; luaD_shrinkstack &rArr; luaD_reallocstack &rArr;  luaM_realloc_ (Cycle)
</UL>
<BR>[Calls]<UL><LI><a href="#[234]">&gt;&gt;</a>&nbsp;&nbsp;&nbsp;singlestep
</UL>
<BR>[Called By]<UL><LI><a href="#[231]">&gt;&gt;</a>&nbsp;&nbsp;&nbsp;luaC_fullgc
</UL>

<P><STRONG><a name="[141]"></a>luaC_step</STRONG> (Thumb, 106 bytes, Stack size 24 bytes, lgc.o(i.luaC_step))
<BR><BR>[Stack]<UL><LI>Max Depth = 56 + In Cycle
<LI>Call Chain = luaC_step &rArr;  singlestep (Cycle)
</UL>
<BR>[Calls]<UL><LI><a href="#[236]">&gt;&gt;</a>&nbsp;&nbsp;&nbsp;luaE_setdebt
<LI><a href="#[234]">&gt;&gt;</a>&nbsp;&nbsp;&nbsp;singlestep
<LI><a href="#[233]">&gt;&gt;</a>&nbsp;&nbsp;&nbsp;setpause
<LI><a href="#[237]">&gt;&gt;</a>&nbsp;&nbsp;&nbsp;runafewfinalizers
<LI><a href="#[235]">&gt;&gt;</a>&nbsp;&nbsp;&nbsp;getdebt
</UL>
[...]
</UL>
<BR>[Called By]<UL><LI><a href="#[1e4]">&gt;&gt;</a>&nbsp;&nbsp;&nbsp;luaH_resize
<LI><a href="#[15f]">&gt;&gt;</a>&nbsp;&nbsp;&nbsp;luaH_new
</UL>

<P><STRONG><a name="[25e]"></a>unbound_search</STRONG> (Thumb, 102 bytes, Stack size 20 bytes, ltable.o(i.unbound_search))
<BR><BR>[Stack]<UL><LI>Max Depth = 36<LI>Call Chain = unbound_search &rArr; luaH_getint
</UL>
<BR>[Calls]<UL><LI><a href="#[25c]">&gt;&gt;</a>&nbsp;&nbsp;&nbsp;luaH_getint
</UL>
<BR>[Called By]<UL><LI><a href="#[25d]">&gt;&gt;</a>&nbsp;&nbsp;&nbsp;luaH_getn
</UL>

<P><STRONG><a name="[bf]"></a>LoadBlock</STRONG> (Thumb, 30 bytes, Stack size 16 bytes, lundump.o(i.LoadBlock))
<BR><BR>[Stack]<UL><LI>Max Depth = 192<LI>Call Chain = LoadBlock &rArr; error &rArr; luaD_throw &rArr;  luaD_throw (Cycle)
</UL>
<BR>[Calls]<UL><LI><a href="#[c0]">&gt;&gt;</a>&nbsp;&nbsp;&nbsp;luaZ_read
<LI><a href="#[c1]">&gt;&gt;</a>&nbsp;&nbsp;&nbsp;error
</UL>
<BR>[Called By]<UL><LI><a href="#[129]">&gt;&gt;</a>&nbsp;&nbsp;&nbsp;checkliteral
<LI><a href="#[ca]">&gt;&gt;</a>&nbsp;&nbsp;&nbsp;LoadString
<LI><a href="#[c8]">&gt;&gt;</a>&nbsp;&nbsp;&nbsp;LoadNumber
<LI><a href="#[c9]">&gt;&gt;</a>&nbsp;&nbsp;&nbsp;LoadInteger
<LI><a href="#[c4]">&gt;&gt;</a>&nbsp;&nbsp;&nbsp;LoadInt
<LI><a href="#[cb]">&gt;&gt;</a>&nbsp;&nbsp;&nbsp;LoadDebug
<LI><a href="#[c3]">&gt;&gt;</a>&nbsp;&nbsp;&nbsp;LoadCode
<LI><a href="#[c2]">&gt;&gt;</a>&nbsp;&nbsp;&nbsp;LoadByte
</UL>

<P><STRONG><a name="[c2]"></a>LoadByte</STRONG> (Thumb, 20 bytes, Stack size 16 bytes, lundump.o(i.LoadByte))
<BR><BR>[Stack]<UL><LI>Max Depth = 208<LI>Call Chain = LoadByte &rArr; LoadBlock &rArr; error &rArr; luaD_throw &rArr;  luaD_throw (Cycle)
</UL>
<BR>[Calls]<UL><LI><a href="#[bf]">&gt;&gt;</a>&nbsp;&nbsp;&nbsp;LoadBlock
</UL>
<BR>[Called By]<UL><LI><a href="#[197]">&gt;&gt;</a>&nbsp;&nbsp;&nbsp;luaU_undump
<LI><a href="#[12a]">&gt;&gt;</a>&nbsp;&nbsp;&nbsp;fchecksize
<LI><a href="#[128]">&gt;&gt;</a>&nbsp;&nbsp;&nbsp;checkHeader
<LI><a href="#[cd]">&gt;&gt;</a>&nbsp;&nbsp;&nbsp;LoadUpvalues
<LI><a href="#[ca]">&gt;&gt;</a>&nbsp;&nbsp;&nbsp;LoadString
<LI><a href="#[cc]">&gt;&gt;</a>&nbsp;&nbsp;&nbsp;LoadFunction
<LI><a href="#[c7]">&gt;&gt;</a>&nbsp;&nbsp;&nbsp;LoadConstants
</UL>

<P><STRONG><a name="[c3]"></a>LoadCode</STRONG> (Thumb, 60 bytes, Stack size 16 bytes, lundump.o(i.LoadCode))
<BR><BR>[Stack]<UL><LI>Max Depth = 1720<LI>Call Chain = LoadCode &rArr; luaM_realloc_ &rArr; luaC_fullgc &rArr; luaC_runtilstate &rArr; singlestep &rArr; runafewfinalizers &rArr; GCTM &rArr; luaD_pcall &rArr; luaD_shrinkstack &rArr; luaD_reallocstack &rArr;  luaM_realloc_ (Cycle)
</UL>
<BR>[Calls]<UL><LI><a href="#[c5]">&gt;&gt;</a>&nbsp;&nbsp;&nbsp;luaM_toobig
<LI><a href="#[c6]">&gt;&gt;</a>&nbsp;&nbsp;&nbsp;luaM_realloc_
<LI><a href="#[c4]">&gt;&gt;</a>&nbsp;&nbsp;&nbsp;LoadInt
<LI><a href="#[bf]">&gt;&gt;</a>&nbsp;&nbsp;&nbsp;LoadBlock
</UL>
<BR>[Called By]<UL><LI><a href="#[cc]">&gt;&gt;</a>&nbsp;&nbsp;&nbsp;LoadFunction
</UL>

<P><STRONG><a name="[c7]"></a>LoadConstants</STRONG> (Thumb, 244 bytes, Stack size 40 bytes, lundump.o(i.LoadConstants))
<BR><BR>[Stack]<UL><LI>Max Depth = 1744<LI>Call Chain = LoadConstants &rArr; luaM_realloc_ &rArr; luaC_fullgc &rArr; luaC_runtilstate &rArr; singlestep &rArr; runafewfinalizers &rArr; GCTM &rArr; luaD_pcall &rArr; luaD_shrinkstack &rArr; luaD_reallocstack &rArr;  luaM_realloc_ (Cycle)
</UL>
<BR>[Calls]<UL><LI><a href="#[c5]">&gt;&gt;</a>&nbsp;&nbsp;&nbsp;luaM_toobig
<LI><a href="#[c6]">&gt;&gt;</a>&nbsp;&nbsp;&nbsp;luaM_realloc_
<LI><a href="#[ca]">&gt;&gt;</a>&nbsp;&nbsp;&nbsp;LoadString
<LI><a href="#[c8]">&gt;&gt;</a>&nbsp;&nbsp;&nbsp;LoadNumber
<LI><a href="#[c9]">&gt;&gt;</a>&nbsp;&nbsp;&nbsp;LoadInteger
<LI><a href="#[c4]">&gt;&gt;</a>&nbsp;&nbsp;&nbsp;LoadInt
<LI><a href="#[c2]">&gt;&gt;</a>&nbsp;&nbsp;&nbsp;LoadByte
</UL>
<BR>[Called By]<UL><LI><a href="#[cc]">&gt;&gt;</a>&nbsp;&nbsp;&nbsp;LoadFunction
</UL>

<P><STRONG><a name="[cb]"></a>LoadDebug</STRONG> (Thumb, 224 bytes, Stack size 24 bytes, lundump.o(i.LoadDebug))
<BR><BR>[Stack]<UL><LI>Max Depth = 1728<LI>Call Chain = LoadDebug &rArr; luaM_realloc_ &rArr; luaC_fullgc &rArr; luaC_runtilstate &rArr; singlestep &rArr; runafewfinalizers &rArr; GCTM &rArr; luaD_pcall &rArr; luaD_shrinkstack &rArr; luaD_reallocstack &rArr;  luaM_realloc_ (Cycle)
</UL>
<BR>[Calls]<UL><LI><a href="#[c5]">&gt;&gt;</a>&nbsp;&nbsp;&nbsp;luaM_toobig
<LI><a href="#[c6]">&gt;&gt;</a>&nbsp;&nbsp;&nbsp;luaM_realloc_
<LI><a href="#[ca]">&gt;&gt;</a>&nbsp;&nbsp;&nbsp;LoadString
<LI><a href="#[c4]">&gt;&gt;</a>&nbsp;&nbsp;&nbsp;LoadInt
<LI><a href="#[bf]">&gt;&gt;</a>&nbsp;&nbsp;&nbsp;LoadBlock
</UL>
<BR>[Called By]<UL><LI><a href="#[cc]">&gt;&gt;</a>&nbsp;&nbsp;&nbsp;LoadFunction
</UL>

<P><STRONG><a name="[cc]"></a>LoadFunction</STRONG> (Thumb, 104 bytes, Stack size 16 bytes, lundump.o(i.LoadFunction))
<BR><BR>[Stack]<UL><LI>Max Depth = 1760<LI>Call Chain = LoadFunction &rArr; LoadConstants &rArr; luaM_realloc_ &rArr; luaC_fullgc &rArr; luaC_runtilstate &rArr; singlestep &rArr; runafewfinalizers &rArr; GCTM &rArr; luaD_pcall &rArr; luaD_shrinkstack &rArr; luaD_reallocstack &rArr;  luaM_realloc_ (Cycle)
</UL>
<BR>[Calls]<UL><LI><a href="#[cd]">&gt;&gt;</a>&nbsp;&nbsp;&nbsp;LoadUpvalues
<LI><a href="#[ca]">&gt;&gt;</a>&nbsp;&nbsp;&nbsp;LoadString
<LI><a href="#[ce]">&gt;&gt;</a>&nbsp;&nbsp;&nbsp;LoadProtos
<LI><a href="#[c4]">&gt;&gt;</a>&nbsp;&nbsp;&nbsp;LoadInt
<LI><a href="#[cb]">&gt;&gt;</a>&nbsp;&nbsp;&nbsp;LoadDebug
<LI><a href="#[c7]">&gt;&gt;</a>&nbsp;&nbsp;&nbsp;LoadConstants
<LI><a href="#[c3]">&gt;&gt;</a>&nbsp;&nbsp;&nbsp;LoadCode
<LI><a href="#[c2]">&gt;&gt;</a>&nbsp;&nbsp;&nbsp;LoadByte
</UL>
<BR>[Called By]<UL><LI><a href="#[197]">&gt;&gt;</a>&nbsp;&nbsp;&nbsp;luaU_undump
<LI><a href="#[ce]">&gt;&gt;</a>&nbsp;&nbsp;&nbsp;LoadProtos
</UL>

<P><STRONG><a name="[c4]"></a>LoadInt</STRONG> (Thumb, 18 bytes, Stack size 16 bytes, lundump.o(i.LoadInt))
<BR><BR>[Stack]<UL><LI>Max Depth = 208<LI>Call Chain = LoadInt &rArr; LoadBlock &rArr; error &rArr; luaD_throw &rArr;  luaD_throw (Cycle)
</UL>
<BR>[Calls]<UL><LI><a href="#[bf]">&gt;&gt;</a>&nbsp;&nbsp;&nbsp;LoadBlock
</UL>
<BR>[Called By]<UL><LI><a href="#[cd]">&gt;&gt;</a>&nbsp;&nbsp;&nbsp;LoadUpvalues
<LI><a href="#[ce]">&gt;&gt;</a>&nbsp;&nbsp;&nbsp;LoadProtos
<LI><a href="#[cc]">&gt;&gt;</a>&nbsp;&nbsp;&nbsp;LoadFunction
<LI><a href="#[cb]">&gt;&gt;</a>&nbsp;&nbsp;&nbsp;LoadDebug
<LI><a href="#[c7]">&gt;&gt;</a>&nbsp;&nbsp;&nbsp;LoadConstants
<LI><a href="#[c3]">&gt;&gt;</a>&nbsp;&nbsp;&nbsp;LoadCode
</UL>

<P><STRONG><a name="[c9]"></a>LoadInteger</STRONG> (Thumb, 20 bytes, Stack size 16 bytes, lundump.o(i.LoadInteger))
<BR><BR>[Stack]<UL><LI>Max Depth = 208<LI>Call Chain = LoadInteger &rArr; LoadBlock &rArr; error &rArr; luaD_throw &rArr;  luaD_throw (Cycle)
</UL>
<BR>[Calls]<UL><LI><a href="#[bf]">&gt;&gt;</a>&nbsp;&nbsp;&nbsp;LoadBlock
</UL>
<BR>[Called By]<UL><LI><a href="#[128]">&gt;&gt;</a>&nbsp;&nbsp;&nbsp;checkHeader
<LI><a href="#[c7]">&gt;&gt;</a>&nbsp;&nbsp;&nbsp;LoadConstants
</UL>

<P><STRONG><a name="[c8]"></a>LoadNumber</STRONG> (Thumb, 20 bytes, Stack size 16 bytes, lundump.o(i.LoadNumber))
<BR><BR>[Stack]<UL><LI>Max Depth = 208<LI>Call Chain = LoadNumber &rArr; LoadBlock &rArr; error &rArr; luaD_throw &rArr;  luaD_throw (Cycle)
</UL>
<BR>[Calls]<UL><LI><a href="#[bf]">&gt;&gt;</a>&nbsp;&nbsp;&nbsp;LoadBlock
</UL>
<BR>[Called By]<UL><LI><a href="#[128]">&gt;&gt;</a>&nbsp;&nbsp;&nbsp;checkHeader
<LI><a href="#[c7]">&gt;&gt;</a>&nbsp;&nbsp;&nbsp;LoadConstants
</UL>

<P><STRONG><a name="[ce]"></a>LoadProtos</STRONG> (Thumb, 108 bytes, Stack size 24 bytes, lundump.o(i.LoadProtos))
<BR><BR>[Stack]<UL><LI>Max Depth = 1728 + In Cycle
<LI>Call Chain = LoadProtos &rArr;  LoadFunction (Cycle)
</UL>
<BR>[Calls]<UL><LI><a href="#[cf]">&gt;&gt;</a>&nbsp;&nbsp;&nbsp;luaF_newproto
<LI><a href="#[c5]">&gt;&gt;</a>&nbsp;&nbsp;&nbsp;luaM_toobig
<LI><a href="#[c6]">&gt;&gt;</a>&nbsp;&nbsp;&nbsp;luaM_realloc_
<LI><a href="#[c4]">&gt;&gt;</a>&nbsp;&nbsp;&nbsp;LoadInt
<LI><a href="#[cc]">&gt;&gt;</a>&nbsp;&nbsp;&nbsp;LoadFunction
</UL>
<BR>[Called By]<UL><LI><a href="#[cc]">&gt;&gt;</a>&nbsp;&nbsp;&nbsp;LoadFunction
</UL>

<P><STRONG><a name="[ca]"></a>LoadString</STRONG> (Thumb, 98 bytes, Stack size 56 bytes, lundump.o(i.LoadString))
<BR><BR>[Stack]<UL><LI>Max Depth = 264<LI>Call Chain = LoadString &rArr; LoadByte &rArr; LoadBlock &rArr; error &rArr; luaD_throw &rArr;  luaD_throw (Cycle)
</UL>
<BR>[Calls]<UL><LI><a href="#[d0]">&gt;&gt;</a>&nbsp;&nbsp;&nbsp;luaS_newlstr
<LI><a href="#[d1]">&gt;&gt;</a>&nbsp;&nbsp;&nbsp;luaS_createlngstrobj
<LI><a href="#[c2]">&gt;&gt;</a>&nbsp;&nbsp;&nbsp;LoadByte
<LI><a href="#[bf]">&gt;&gt;</a>&nbsp;&nbsp;&nbsp;LoadBlock
</UL>
<BR>[Called By]<UL><LI><a href="#[cc]">&gt;&gt;</a>&nbsp;&nbsp;&nbsp;LoadFunction
<LI><a href="#[cb]">&gt;&gt;</a>&nbsp;&nbsp;&nbsp;LoadDebug
<LI><a href="#[c7]">&gt;&gt;</a>&nbsp;&nbsp;&nbsp;LoadConstants
</UL>

<P><STRONG><a name="[cd]"></a>LoadUpvalues</STRONG> (Thumb, 110 bytes, Stack size 24 bytes, lundump.o(i.LoadUpvalues))
<BR><BR>[Stack]<UL><LI>Max Depth = 1728<LI>Call Chain = LoadUpvalues &rArr; luaM_realloc_ &rArr; luaC_fullgc &rArr; luaC_runtilstate &rArr; singlestep &rArr; runafewfinalizers &rArr; GCTM &rArr; luaD_pcall &rArr; luaD_shrinkstack &rArr; luaD_reallocstack &rArr;  luaM_realloc_ (Cycle)
</UL>
<BR>[Calls]<UL><LI><a href="#[c5]">&gt;&gt;</a>&nbsp;&nbsp;&nbsp;luaM_toobig
<LI><a href="#[c6]">&gt;&gt;</a>&nbsp;&nbsp;&nbsp;luaM_realloc_
<LI><a href="#[c4]">&gt;&gt;</a>&nbsp;&nbsp;&nbsp;LoadInt
<LI><a href="#[c2]">&gt;&gt;</a>&nbsp;&nbsp;&nbsp;LoadByte
</UL>
<BR>[Called By]<UL><LI><a href="#[cc]">&gt;&gt;</a>&nbsp;&nbsp;&nbsp;LoadFunction
</UL>

<P><STRONG><a name="[128]"></a>checkHeader</STRONG> (Thumb, 180 bytes, Stack size 16 bytes, lundump.o(i.checkHeader))
<BR><BR>[Stack]<UL><LI>Max Depth = 248<LI>Call Chain = checkHeader &rArr; fchecksize &rArr; LoadByte &rArr; LoadBlock &rArr; error &rArr; luaD_throw &rArr;  luaD_throw (Cycle)
</UL>
<BR>[Calls]<UL><LI><a href="#[bc]">&gt;&gt;</a>&nbsp;&nbsp;&nbsp;__aeabi_cdcmpeq
<LI><a href="#[12a]">&gt;&gt;</a>&nbsp;&nbsp;&nbsp;fchecksize
<LI><a href="#[c1]">&gt;&gt;</a>&nbsp;&nbsp;&nbsp;error
<LI><a href="#[129]">&gt;&gt;</a>&nbsp;&nbsp;&nbsp;checkliteral
<LI><a href="#[c8]">&gt;&gt;</a>&nbsp;&nbsp;&nbsp;LoadNumber
<LI><a href="#[c9]">&gt;&gt;</a>&nbsp;&nbsp;&nbsp;LoadInteger
<LI><a href="#[c2]">&gt;&gt;</a>&nbsp;&nbsp;&nbsp;LoadByte
</UL>
<BR>[Called By]<UL><LI><a href="#[197]">&gt;&gt;</a>&nbsp;&nbsp;&nbsp;luaU_undump
</UL>

<P><STRONG><a name="[129]"></a>checkliteral</STRONG> (Thumb, 48 bytes, Stack size 32 bytes, lundump.o(i.checkliteral))
<BR><BR>[Stack]<UL><LI>Max Depth = 224<LI>Call Chain = checkliteral &rArr; LoadBlock &rArr; error &rArr; luaD_throw &rArr;  luaD_throw (Cycle)
</UL>
<BR>[Calls]<UL><LI><a href="#[c1]">&gt;&gt;</a>&nbsp;&nbsp;&nbsp;error
<LI><a href="#[bf]">&gt;&gt;</a>&nbsp;&nbsp;&nbsp;LoadBlock
<LI><a href="#[135]">&gt;&gt;</a>&nbsp;&nbsp;&nbsp;memcmp
<LI><a href="#[134]">&gt;&gt;</a>&nbsp;&nbsp;&nbsp;strlen
</UL>
<BR>[Called By]<UL><LI><a href="#[128]">&gt;&gt;</a>&nbsp;&nbsp;&nbsp;checkHeader
</UL>

<P><STRONG><a name="[c1]"></a>error</STRONG> (Thumb, 28 bytes, Stack size 16 bytes, lundump.o(i.error))
<BR><BR>[Stack]<UL><LI>Max Depth = 176<LI>Call Chain = error &rArr; luaD_throw &rArr;  luaD_throw (Cycle)
</UL>
<BR>[Calls]<UL><LI><a href="#[af]">&gt;&gt;</a>&nbsp;&nbsp;&nbsp;luaO_pushfstring
<LI><a href="#[b0]">&gt;&gt;</a>&nbsp;&nbsp;&nbsp;luaD_throw
</UL>
<BR>[Called By]<UL><LI><a href="#[12a]">&gt;&gt;</a>&nbsp;&nbsp;&nbsp;fchecksize
<LI><a href="#[129]">&gt;&gt;</a>&nbsp;&nbsp;&nbsp;checkliteral
<LI><a href="#[128]">&gt;&gt;</a>&nbsp;&nbsp;&nbsp;checkHeader
<LI><a href="#[bf]">&gt;&gt;</a>&nbsp;&nbsp;&nbsp;LoadBlock
</UL>

<P><STRONG><a name="[12a]"></a>fchecksize</STRONG> (Thumb, 44 bytes, Stack size 24 bytes, lundump.o(i.fchecksize))
<BR><BR>[Stack]<UL><LI>Max Depth = 232<LI>Call Chain = fchecksize &rArr; LoadByte &rArr; LoadBlock &rArr; error &rArr; luaD_throw &rArr;  luaD_throw (Cycle)
</UL>
<BR>[Calls]<UL><LI><a href="#[af]">&gt;&gt;</a>&nbsp;&nbsp;&nbsp;luaO_pushfstring
<LI><a href="#[c1]">&gt;&gt;</a>&nbsp;&nbsp;&nbsp;error
<LI><a href="#[c2]">&gt;&gt;</a>&nbsp;&nbsp;&nbsp;LoadByte
</UL>
<BR>[Called By]<UL><LI><a href="#[128]">&gt;&gt;</a>&nbsp;&nbsp;&nbsp;checkHeader
</UL>

<P><STRONG><a name="[b8]"></a>LEintfloat</STRONG> (Thumb, 120 bytes, Stack size 32 bytes, lvm.o(i.LEintfloat))
<BR><BR>[Stack]<UL><LI>Max Depth = 96<LI>Call Chain = LEintfloat &rArr; __aeabi_l2d &rArr; _double_epilogue &rArr; _double_round
</UL>
<BR>[Calls]<UL><LI><a href="#[9b]">&gt;&gt;</a>&nbsp;&nbsp;&nbsp;__aeabi_l2d
<LI><a href="#[9c]">&gt;&gt;</a>&nbsp;&nbsp;&nbsp;__aeabi_d2lz
<LI><a href="#[b9]">&gt;&gt;</a>&nbsp;&nbsp;&nbsp;__aeabi_cdrcmple
<LI><a href="#[ba]">&gt;&gt;</a>&nbsp;&nbsp;&nbsp;__aeabi_cdcmple
</UL>
<BR>[Called By]<UL><LI><a href="#[be]">&gt;&gt;</a>&nbsp;&nbsp;&nbsp;LTnum
<LI><a href="#[bb]">&gt;&gt;</a>&nbsp;&nbsp;&nbsp;LEnum
</UL>

<P><STRONG><a name="[bb]"></a>LEnum</STRONG> (Thumb, 138 bytes, Stack size 32 bytes, lvm.o(i.LEnum))
<BR><BR>[Stack]<UL><LI>Max Depth = 128<LI>Call Chain = LEnum &rArr; LTintfloat &rArr; __aeabi_l2d &rArr; _double_epilogue &rArr; _double_round
</UL>
<BR>[Calls]<UL><LI><a href="#[bc]">&gt;&gt;</a>&nbsp;&nbsp;&nbsp;__aeabi_cdcmpeq
<LI><a href="#[ba]">&gt;&gt;</a>&nbsp;&nbsp;&nbsp;__aeabi_cdcmple
<LI><a href="#[bd]">&gt;&gt;</a>&nbsp;&nbsp;&nbsp;LTintfloat
<LI><a href="#[b8]">&gt;&gt;</a>&nbsp;&nbsp;&nbsp;LEintfloat
</UL>
<BR>[Called By]<UL><LI><a href="#[293]">&gt;&gt;</a>&nbsp;&nbsp;&nbsp;luaV_lessequal
</UL>

<P><STRONG><a name="[bd]"></a>LTintfloat</STRONG> (Thumb, 122 bytes, Stack size 32 bytes, lvm.o(i.LTintfloat))
<BR><BR>[Stack]<UL><LI>Max Depth = 96<LI>Call Chain = LTintfloat &rArr; __aeabi_l2d &rArr; _double_epilogue &rArr; _double_round
</UL>
<BR>[Calls]<UL><LI><a href="#[9b]">&gt;&gt;</a>&nbsp;&nbsp;&nbsp;__aeabi_l2d
<LI><a href="#[9c]">&gt;&gt;</a>&nbsp;&nbsp;&nbsp;__aeabi_d2lz
<LI><a href="#[b9]">&gt;&gt;</a>&nbsp;&nbsp;&nbsp;__aeabi_cdrcmple
<LI><a href="#[ba]">&gt;&gt;</a>&nbsp;&nbsp;&nbsp;__aeabi_cdcmple
</UL>
<BR>[Called By]<UL><LI><a href="#[be]">&gt;&gt;</a>&nbsp;&nbsp;&nbsp;LTnum
<LI><a href="#[bb]">&gt;&gt;</a>&nbsp;&nbsp;&nbsp;LEnum
</UL>

<P><STRONG><a name="[be]"></a>LTnum</STRONG> (Thumb, 140 bytes, Stack size 32 bytes, lvm.o(i.LTnum))
<BR><BR>[Stack]<UL><LI>Max Depth = 128<LI>Call Chain = LTnum &rArr; LTintfloat &rArr; __aeabi_l2d &rArr; _double_epilogue &rArr; _double_round
</UL>
<BR>[Calls]<UL><LI><a href="#[bc]">&gt;&gt;</a>&nbsp;&nbsp;&nbsp;__aeabi_cdcmpeq
<LI><a href="#[ba]">&gt;&gt;</a>&nbsp;&nbsp;&nbsp;__aeabi_cdcmple
<LI><a href="#[bd]">&gt;&gt;</a>&nbsp;&nbsp;&nbsp;LTintfloat
<LI><a href="#[b8]">&gt;&gt;</a>&nbsp;&nbsp;&nbsp;LEintfloat
</UL>
<BR>[Called By]<UL><LI><a href="#[292]">&gt;&gt;</a>&nbsp;&nbsp;&nbsp;luaV_lessthan
</UL>

<P><STRONG><a name="[16e]"></a>copy2buff</STRONG> (Thumb, 80 bytes, Stack size 24 bytes, lvm.o(i.copy2buff))
<BR><BR>[Stack]<UL><LI>Max Depth = 24<LI>Call Chain = copy2buff
</UL>
<BR>[Calls]<UL><LI><a href="#[16f]">&gt;&gt;</a>&nbsp;&nbsp;&nbsp;__aeabi_memcpy
</UL>
<BR>[Called By]<UL><LI><a href="#[287]">&gt;&gt;</a>&nbsp;&nbsp;&nbsp;luaV_concat
</UL>

<P><STRONG><a name="[1b5]"></a>forlimit</STRONG> (Thumb, 162 bytes, Stack size 32 bytes, lvm.o(i.forlimit))
<BR><BR>[Stack]<UL><LI>Max Depth = 584<LI>Call Chain = forlimit &rArr; luaV_tointeger &rArr; luaO_str2num &rArr; l_str2d &rArr; l_str2dloc &rArr; strtod &rArr; __strtod_int &rArr; _local_sscanf &rArr; _scanf_real
</UL>
<BR>[Calls]<UL><LI><a href="#[1b7]">&gt;&gt;</a>&nbsp;&nbsp;&nbsp;luaV_tonumber_
<LI><a href="#[1b6]">&gt;&gt;</a>&nbsp;&nbsp;&nbsp;luaV_tointeger
<LI><a href="#[ba]">&gt;&gt;</a>&nbsp;&nbsp;&nbsp;__aeabi_cdcmple
</UL>
<BR>[Called By]<UL><LI><a href="#[23c]">&gt;&gt;</a>&nbsp;&nbsp;&nbsp;luaV_execute
</UL>

<P><STRONG><a name="[294]"></a>getcached</STRONG> (Thumb, 84 bytes, Stack size 20 bytes, lvm.o(i.getcached))
<BR><BR>[Stack]<UL><LI>Max Depth = 20<LI>Call Chain = getcached
</UL>
<BR>[Called By]<UL><LI><a href="#[23c]">&gt;&gt;</a>&nbsp;&nbsp;&nbsp;luaV_execute
</UL>

<P><STRONG><a name="[1fe]"></a>l_strcmp</STRONG> (Thumb, 118 bytes, Stack size 40 bytes, lvm.o(i.l_strcmp))
<BR><BR>[Stack]<UL><LI>Max Depth = 48<LI>Call Chain = l_strcmp &rArr; strcoll &rArr; strcmp
</UL>
<BR>[Calls]<UL><LI><a href="#[8f]">&gt;&gt;</a>&nbsp;&nbsp;&nbsp;strcoll
<LI><a href="#[134]">&gt;&gt;</a>&nbsp;&nbsp;&nbsp;strlen
</UL>
<BR>[Called By]<UL><LI><a href="#[292]">&gt;&gt;</a>&nbsp;&nbsp;&nbsp;luaV_lessthan
<LI><a href="#[293]">&gt;&gt;</a>&nbsp;&nbsp;&nbsp;luaV_lessequal
</UL>

<P><STRONG><a name="[295]"></a>pushclosure</STRONG> (Thumb, 140 bytes, Stack size 56 bytes, lvm.o(i.pushclosure))
<BR><BR>[Stack]<UL><LI>Max Depth = 104<LI>Call Chain = pushclosure &rArr; luaF_newLclosure &rArr; luaC_newobj &rArr;  luaM_realloc_ (Cycle)
</UL>
<BR>[Calls]<UL><LI><a href="#[24f]">&gt;&gt;</a>&nbsp;&nbsp;&nbsp;luaF_newLclosure
<LI><a href="#[24d]">&gt;&gt;</a>&nbsp;&nbsp;&nbsp;luaF_findupval
</UL>
<BR>[Called By]<UL><LI><a href="#[23c]">&gt;&gt;</a>&nbsp;&nbsp;&nbsp;luaV_execute
</UL>

<P><STRONG><a name="[df]"></a>_fp_digits</STRONG> (Thumb, 334 bytes, Stack size 56 bytes, printfa.o(i._fp_digits), UNUSED)
<BR><BR>[Calls]<UL><LI><a href="#[99]">&gt;&gt;</a>&nbsp;&nbsp;&nbsp;__aeabi_ddiv
<LI><a href="#[91]">&gt;&gt;</a>&nbsp;&nbsp;&nbsp;__aeabi_dadd
<LI><a href="#[98]">&gt;&gt;</a>&nbsp;&nbsp;&nbsp;__aeabi_dmul
<LI><a href="#[b9]">&gt;&gt;</a>&nbsp;&nbsp;&nbsp;__aeabi_cdrcmple
<LI><a href="#[a5]">&gt;&gt;</a>&nbsp;&nbsp;&nbsp;__aeabi_d2ulz
<LI><a href="#[8d]">&gt;&gt;</a>&nbsp;&nbsp;&nbsp;__aeabi_uldivmod
</UL>
<BR>[Called By]<UL><LI><a href="#[d6]">&gt;&gt;</a>&nbsp;&nbsp;&nbsp;_printf_core
</UL>

<P><STRONG><a name="[d6]"></a>_printf_core</STRONG> (Thumb, 1744 bytes, Stack size 136 bytes, printfa.o(i._printf_core), UNUSED)
<BR><BR>[Calls]<UL><LI><a href="#[e0]">&gt;&gt;</a>&nbsp;&nbsp;&nbsp;_printf_pre_padding
<LI><a href="#[e1]">&gt;&gt;</a>&nbsp;&nbsp;&nbsp;_printf_post_padding
<LI><a href="#[df]">&gt;&gt;</a>&nbsp;&nbsp;&nbsp;_fp_digits
<LI><a href="#[8d]">&gt;&gt;</a>&nbsp;&nbsp;&nbsp;__aeabi_uldivmod
<LI><a href="#[e2]">&gt;&gt;</a>&nbsp;&nbsp;&nbsp;__aeabi_uidivmod
</UL>
<BR>[Called By]<UL><LI><a href="#[d7]">&gt;&gt;</a>&nbsp;&nbsp;&nbsp;__0snprintf
<LI><a href="#[d5]">&gt;&gt;</a>&nbsp;&nbsp;&nbsp;__0fprintf
</UL>

<P><STRONG><a name="[e1]"></a>_printf_post_padding</STRONG> (Thumb, 36 bytes, Stack size 24 bytes, printfa.o(i._printf_post_padding), UNUSED)
<BR><BR>[Called By]<UL><LI><a href="#[d6]">&gt;&gt;</a>&nbsp;&nbsp;&nbsp;_printf_core
</UL>

<P><STRONG><a name="[e0]"></a>_printf_pre_padding</STRONG> (Thumb, 46 bytes, Stack size 24 bytes, printfa.o(i._printf_pre_padding), UNUSED)
<BR><BR>[Called By]<UL><LI><a href="#[d6]">&gt;&gt;</a>&nbsp;&nbsp;&nbsp;_printf_core
</UL>

<P><STRONG><a name="[60]"></a>_snputc</STRONG> (Thumb, 22 bytes, Stack size 0 bytes, printfa.o(i._snputc))
<BR>[Address Reference Count : 1]<UL><LI> printfa.o(i.__0snprintf)
</UL>
<P><STRONG><a name="[a0]"></a>_local_sscanf</STRONG> (Thumb, 54 bytes, Stack size 56 bytes, strtod.o(.text))
<BR><BR>[Stack]<UL><LI>Max Depth = 160<LI>Call Chain = _local_sscanf &rArr; _scanf_real
</UL>
<BR>[Calls]<UL><LI><a href="#[a1]">&gt;&gt;</a>&nbsp;&nbsp;&nbsp;_scanf_real
</UL>
<BR>[Called By]<UL><LI><a href="#[a2]">&gt;&gt;</a>&nbsp;&nbsp;&nbsp;__strtod_int
</UL>

<P><STRONG><a name="[a7]"></a>_fp_value</STRONG> (Thumb, 256 bytes, Stack size 56 bytes, scanf_fp.o(.text), UNUSED)
<BR><BR>[Calls]<UL><LI><a href="#[99]">&gt;&gt;</a>&nbsp;&nbsp;&nbsp;__aeabi_ddiv
<LI><a href="#[98]">&gt;&gt;</a>&nbsp;&nbsp;&nbsp;__aeabi_dmul
<LI><a href="#[a8]">&gt;&gt;</a>&nbsp;&nbsp;&nbsp;__aeabi_ul2d
</UL>
<BR>[Called By]<UL><LI><a href="#[a9]">&gt;&gt;</a>&nbsp;&nbsp;&nbsp;_scanf_really_real
</UL>
<P>
<H3>
Undefined Global Symbols
</H3><HR></body></html>
